// Jest Snapshot v1, https://goo.gl/fbAQLP

exports[`Storyshots modul-components|m-country-flag All Countries 1`] = `
<div>
  <div
    style="display: inline-flex; flex-direction: column; align-items: center; margin: 0px 8px 12px 0px;"
  >
    <span
      class="m-country-flag m--is-code-iso2-af"
      height="35px"
      title="af"
      width="60px"
    >
      {}
    </span>
     
    <span
      style="margin-top: 2px; font-size: 12px;"
    >
      
                af
            
    </span>
  </div>
  <div
    style="display: inline-flex; flex-direction: column; align-items: center; margin: 0px 8px 12px 0px;"
  >
    <span
      class="m-country-flag m--is-code-iso2-ax"
      height="35px"
      title="ax"
      width="60px"
    >
      {}
    </span>
     
    <span
      style="margin-top: 2px; font-size: 12px;"
    >
      
                ax
            
    </span>
  </div>
  <div
    style="display: inline-flex; flex-direction: column; align-items: center; margin: 0px 8px 12px 0px;"
  >
    <span
      class="m-country-flag m--is-code-iso2-al"
      height="35px"
      title="al"
      width="60px"
    >
      {}
    </span>
     
    <span
      style="margin-top: 2px; font-size: 12px;"
    >
      
                al
            
    </span>
  </div>
  <div
    style="display: inline-flex; flex-direction: column; align-items: center; margin: 0px 8px 12px 0px;"
  >
    <span
      class="m-country-flag m--is-code-iso2-dz"
      height="35px"
      title="dz"
      width="60px"
    >
      {}
    </span>
     
    <span
      style="margin-top: 2px; font-size: 12px;"
    >
      
                dz
            
    </span>
  </div>
  <div
    style="display: inline-flex; flex-direction: column; align-items: center; margin: 0px 8px 12px 0px;"
  >
    <span
      class="m-country-flag m--is-code-iso2-as"
      height="35px"
      title="as"
      width="60px"
    >
      {}
    </span>
     
    <span
      style="margin-top: 2px; font-size: 12px;"
    >
      
                as
            
    </span>
  </div>
  <div
    style="display: inline-flex; flex-direction: column; align-items: center; margin: 0px 8px 12px 0px;"
  >
    <span
      class="m-country-flag m--is-code-iso2-ad"
      height="35px"
      title="ad"
      width="60px"
    >
      {}
    </span>
     
    <span
      style="margin-top: 2px; font-size: 12px;"
    >
      
                ad
            
    </span>
  </div>
  <div
    style="display: inline-flex; flex-direction: column; align-items: center; margin: 0px 8px 12px 0px;"
  >
    <span
      class="m-country-flag m--is-code-iso2-ao"
      height="35px"
      title="ao"
      width="60px"
    >
      {}
    </span>
     
    <span
      style="margin-top: 2px; font-size: 12px;"
    >
      
                ao
            
    </span>
  </div>
  <div
    style="display: inline-flex; flex-direction: column; align-items: center; margin: 0px 8px 12px 0px;"
  >
    <span
      class="m-country-flag m--is-code-iso2-ai"
      height="35px"
      title="ai"
      width="60px"
    >
      {}
    </span>
     
    <span
      style="margin-top: 2px; font-size: 12px;"
    >
      
                ai
            
    </span>
  </div>
  <div
    style="display: inline-flex; flex-direction: column; align-items: center; margin: 0px 8px 12px 0px;"
  >
    <span
      class="m-country-flag m--is-code-iso2-aq"
      height="35px"
      title="aq"
      width="60px"
    >
      {}
    </span>
     
    <span
      style="margin-top: 2px; font-size: 12px;"
    >
      
                aq
            
    </span>
  </div>
  <div
    style="display: inline-flex; flex-direction: column; align-items: center; margin: 0px 8px 12px 0px;"
  >
    <span
      class="m-country-flag m--is-code-iso2-ag"
      height="35px"
      title="ag"
      width="60px"
    >
      {}
    </span>
     
    <span
      style="margin-top: 2px; font-size: 12px;"
    >
      
                ag
            
    </span>
  </div>
  <div
    style="display: inline-flex; flex-direction: column; align-items: center; margin: 0px 8px 12px 0px;"
  >
    <span
      class="m-country-flag m--is-code-iso2-ar"
      height="35px"
      title="ar"
      width="60px"
    >
      {}
    </span>
     
    <span
      style="margin-top: 2px; font-size: 12px;"
    >
      
                ar
            
    </span>
  </div>
  <div
    style="display: inline-flex; flex-direction: column; align-items: center; margin: 0px 8px 12px 0px;"
  >
    <span
      class="m-country-flag m--is-code-iso2-am"
      height="35px"
      title="am"
      width="60px"
    >
      {}
    </span>
     
    <span
      style="margin-top: 2px; font-size: 12px;"
    >
      
                am
            
    </span>
  </div>
  <div
    style="display: inline-flex; flex-direction: column; align-items: center; margin: 0px 8px 12px 0px;"
  >
    <span
      class="m-country-flag m--is-code-iso2-aw"
      height="35px"
      title="aw"
      width="60px"
    >
      {}
    </span>
     
    <span
      style="margin-top: 2px; font-size: 12px;"
    >
      
                aw
            
    </span>
  </div>
  <div
    style="display: inline-flex; flex-direction: column; align-items: center; margin: 0px 8px 12px 0px;"
  >
    <span
      class="m-country-flag m--is-code-iso2-au"
      height="35px"
      title="au"
      width="60px"
    >
      {}
    </span>
     
    <span
      style="margin-top: 2px; font-size: 12px;"
    >
      
                au
            
    </span>
  </div>
  <div
    style="display: inline-flex; flex-direction: column; align-items: center; margin: 0px 8px 12px 0px;"
  >
    <span
      class="m-country-flag m--is-code-iso2-at"
      height="35px"
      title="at"
      width="60px"
    >
      {}
    </span>
     
    <span
      style="margin-top: 2px; font-size: 12px;"
    >
      
                at
            
    </span>
  </div>
  <div
    style="display: inline-flex; flex-direction: column; align-items: center; margin: 0px 8px 12px 0px;"
  >
    <span
      class="m-country-flag m--is-code-iso2-az"
      height="35px"
      title="az"
      width="60px"
    >
      {}
    </span>
     
    <span
      style="margin-top: 2px; font-size: 12px;"
    >
      
                az
            
    </span>
  </div>
  <div
    style="display: inline-flex; flex-direction: column; align-items: center; margin: 0px 8px 12px 0px;"
  >
    <span
      class="m-country-flag m--is-code-iso2-bs"
      height="35px"
      title="bs"
      width="60px"
    >
      {}
    </span>
     
    <span
      style="margin-top: 2px; font-size: 12px;"
    >
      
                bs
            
    </span>
  </div>
  <div
    style="display: inline-flex; flex-direction: column; align-items: center; margin: 0px 8px 12px 0px;"
  >
    <span
      class="m-country-flag m--is-code-iso2-bh"
      height="35px"
      title="bh"
      width="60px"
    >
      {}
    </span>
     
    <span
      style="margin-top: 2px; font-size: 12px;"
    >
      
                bh
            
    </span>
  </div>
  <div
    style="display: inline-flex; flex-direction: column; align-items: center; margin: 0px 8px 12px 0px;"
  >
    <span
      class="m-country-flag m--is-code-iso2-bd"
      height="35px"
      title="bd"
      width="60px"
    >
      {}
    </span>
     
    <span
      style="margin-top: 2px; font-size: 12px;"
    >
      
                bd
            
    </span>
  </div>
  <div
    style="display: inline-flex; flex-direction: column; align-items: center; margin: 0px 8px 12px 0px;"
  >
    <span
      class="m-country-flag m--is-code-iso2-bb"
      height="35px"
      title="bb"
      width="60px"
    >
      {}
    </span>
     
    <span
      style="margin-top: 2px; font-size: 12px;"
    >
      
                bb
            
    </span>
  </div>
  <div
    style="display: inline-flex; flex-direction: column; align-items: center; margin: 0px 8px 12px 0px;"
  >
    <span
      class="m-country-flag m--is-code-iso2-by"
      height="35px"
      title="by"
      width="60px"
    >
      {}
    </span>
     
    <span
      style="margin-top: 2px; font-size: 12px;"
    >
      
                by
            
    </span>
  </div>
  <div
    style="display: inline-flex; flex-direction: column; align-items: center; margin: 0px 8px 12px 0px;"
  >
    <span
      class="m-country-flag m--is-code-iso2-be"
      height="35px"
      title="be"
      width="60px"
    >
      {}
    </span>
     
    <span
      style="margin-top: 2px; font-size: 12px;"
    >
      
                be
            
    </span>
  </div>
  <div
    style="display: inline-flex; flex-direction: column; align-items: center; margin: 0px 8px 12px 0px;"
  >
    <span
      class="m-country-flag m--is-code-iso2-bz"
      height="35px"
      title="bz"
      width="60px"
    >
      {}
    </span>
     
    <span
      style="margin-top: 2px; font-size: 12px;"
    >
      
                bz
            
    </span>
  </div>
  <div
    style="display: inline-flex; flex-direction: column; align-items: center; margin: 0px 8px 12px 0px;"
  >
    <span
      class="m-country-flag m--is-code-iso2-bj"
      height="35px"
      title="bj"
      width="60px"
    >
      {}
    </span>
     
    <span
      style="margin-top: 2px; font-size: 12px;"
    >
      
                bj
            
    </span>
  </div>
  <div
    style="display: inline-flex; flex-direction: column; align-items: center; margin: 0px 8px 12px 0px;"
  >
    <span
      class="m-country-flag m--is-code-iso2-bm"
      height="35px"
      title="bm"
      width="60px"
    >
      {}
    </span>
     
    <span
      style="margin-top: 2px; font-size: 12px;"
    >
      
                bm
            
    </span>
  </div>
  <div
    style="display: inline-flex; flex-direction: column; align-items: center; margin: 0px 8px 12px 0px;"
  >
    <span
      class="m-country-flag m--is-code-iso2-bt"
      height="35px"
      title="bt"
      width="60px"
    >
      {}
    </span>
     
    <span
      style="margin-top: 2px; font-size: 12px;"
    >
      
                bt
            
    </span>
  </div>
  <div
    style="display: inline-flex; flex-direction: column; align-items: center; margin: 0px 8px 12px 0px;"
  >
    <span
      class="m-country-flag m--is-code-iso2-bo"
      height="35px"
      title="bo"
      width="60px"
    >
      {}
    </span>
     
    <span
      style="margin-top: 2px; font-size: 12px;"
    >
      
                bo
            
    </span>
  </div>
  <div
    style="display: inline-flex; flex-direction: column; align-items: center; margin: 0px 8px 12px 0px;"
  >
    <span
      class="m-country-flag m--is-code-iso2-ba"
      height="35px"
      title="ba"
      width="60px"
    >
      {}
    </span>
     
    <span
      style="margin-top: 2px; font-size: 12px;"
    >
      
                ba
            
    </span>
  </div>
  <div
    style="display: inline-flex; flex-direction: column; align-items: center; margin: 0px 8px 12px 0px;"
  >
    <span
      class="m-country-flag m--is-code-iso2-bw"
      height="35px"
      title="bw"
      width="60px"
    >
      {}
    </span>
     
    <span
      style="margin-top: 2px; font-size: 12px;"
    >
      
                bw
            
    </span>
  </div>
  <div
    style="display: inline-flex; flex-direction: column; align-items: center; margin: 0px 8px 12px 0px;"
  >
    <span
      class="m-country-flag m--is-code-iso2-bv"
      height="35px"
      title="bv"
      width="60px"
    >
      {}
    </span>
     
    <span
      style="margin-top: 2px; font-size: 12px;"
    >
      
                bv
            
    </span>
  </div>
  <div
    style="display: inline-flex; flex-direction: column; align-items: center; margin: 0px 8px 12px 0px;"
  >
    <span
      class="m-country-flag m--is-code-iso2-br"
      height="35px"
      title="br"
      width="60px"
    >
      {}
    </span>
     
    <span
      style="margin-top: 2px; font-size: 12px;"
    >
      
                br
            
    </span>
  </div>
  <div
    style="display: inline-flex; flex-direction: column; align-items: center; margin: 0px 8px 12px 0px;"
  >
    <span
      class="m-country-flag m--is-code-iso2-io"
      height="35px"
      title="io"
      width="60px"
    >
      {}
    </span>
     
    <span
      style="margin-top: 2px; font-size: 12px;"
    >
      
                io
            
    </span>
  </div>
  <div
    style="display: inline-flex; flex-direction: column; align-items: center; margin: 0px 8px 12px 0px;"
  >
    <span
      class="m-country-flag m--is-code-iso2-bn"
      height="35px"
      title="bn"
      width="60px"
    >
      {}
    </span>
     
    <span
      style="margin-top: 2px; font-size: 12px;"
    >
      
                bn
            
    </span>
  </div>
  <div
    style="display: inline-flex; flex-direction: column; align-items: center; margin: 0px 8px 12px 0px;"
  >
    <span
      class="m-country-flag m--is-code-iso2-bg"
      height="35px"
      title="bg"
      width="60px"
    >
      {}
    </span>
     
    <span
      style="margin-top: 2px; font-size: 12px;"
    >
      
                bg
            
    </span>
  </div>
  <div
    style="display: inline-flex; flex-direction: column; align-items: center; margin: 0px 8px 12px 0px;"
  >
    <span
      class="m-country-flag m--is-code-iso2-bf"
      height="35px"
      title="bf"
      width="60px"
    >
      {}
    </span>
     
    <span
      style="margin-top: 2px; font-size: 12px;"
    >
      
                bf
            
    </span>
  </div>
  <div
    style="display: inline-flex; flex-direction: column; align-items: center; margin: 0px 8px 12px 0px;"
  >
    <span
      class="m-country-flag m--is-code-iso2-bi"
      height="35px"
      title="bi"
      width="60px"
    >
      {}
    </span>
     
    <span
      style="margin-top: 2px; font-size: 12px;"
    >
      
                bi
            
    </span>
  </div>
  <div
    style="display: inline-flex; flex-direction: column; align-items: center; margin: 0px 8px 12px 0px;"
  >
    <span
      class="m-country-flag m--is-code-iso2-kh"
      height="35px"
      title="kh"
      width="60px"
    >
      {}
    </span>
     
    <span
      style="margin-top: 2px; font-size: 12px;"
    >
      
                kh
            
    </span>
  </div>
  <div
    style="display: inline-flex; flex-direction: column; align-items: center; margin: 0px 8px 12px 0px;"
  >
    <span
      class="m-country-flag m--is-code-iso2-cm"
      height="35px"
      title="cm"
      width="60px"
    >
      {}
    </span>
     
    <span
      style="margin-top: 2px; font-size: 12px;"
    >
      
                cm
            
    </span>
  </div>
  <div
    style="display: inline-flex; flex-direction: column; align-items: center; margin: 0px 8px 12px 0px;"
  >
    <span
      class="m-country-flag m--is-code-iso2-ca"
      height="35px"
      title="ca"
      width="60px"
    >
      {}
    </span>
     
    <span
      style="margin-top: 2px; font-size: 12px;"
    >
      
                ca
            
    </span>
  </div>
  <div
    style="display: inline-flex; flex-direction: column; align-items: center; margin: 0px 8px 12px 0px;"
  >
    <span
      class="m-country-flag m--is-code-iso2-cv"
      height="35px"
      title="cv"
      width="60px"
    >
      {}
    </span>
     
    <span
      style="margin-top: 2px; font-size: 12px;"
    >
      
                cv
            
    </span>
  </div>
  <div
    style="display: inline-flex; flex-direction: column; align-items: center; margin: 0px 8px 12px 0px;"
  >
    <span
      class="m-country-flag m--is-code-iso2-ky"
      height="35px"
      title="ky"
      width="60px"
    >
      {}
    </span>
     
    <span
      style="margin-top: 2px; font-size: 12px;"
    >
      
                ky
            
    </span>
  </div>
  <div
    style="display: inline-flex; flex-direction: column; align-items: center; margin: 0px 8px 12px 0px;"
  >
    <span
      class="m-country-flag m--is-code-iso2-cf"
      height="35px"
      title="cf"
      width="60px"
    >
      {}
    </span>
     
    <span
      style="margin-top: 2px; font-size: 12px;"
    >
      
                cf
            
    </span>
  </div>
  <div
    style="display: inline-flex; flex-direction: column; align-items: center; margin: 0px 8px 12px 0px;"
  >
    <span
      class="m-country-flag m--is-code-iso2-td"
      height="35px"
      title="td"
      width="60px"
    >
      {}
    </span>
     
    <span
      style="margin-top: 2px; font-size: 12px;"
    >
      
                td
            
    </span>
  </div>
  <div
    style="display: inline-flex; flex-direction: column; align-items: center; margin: 0px 8px 12px 0px;"
  >
    <span
      class="m-country-flag m--is-code-iso2-cl"
      height="35px"
      title="cl"
      width="60px"
    >
      {}
    </span>
     
    <span
      style="margin-top: 2px; font-size: 12px;"
    >
      
                cl
            
    </span>
  </div>
  <div
    style="display: inline-flex; flex-direction: column; align-items: center; margin: 0px 8px 12px 0px;"
  >
    <span
      class="m-country-flag m--is-code-iso2-cn"
      height="35px"
      title="cn"
      width="60px"
    >
      {}
    </span>
     
    <span
      style="margin-top: 2px; font-size: 12px;"
    >
      
                cn
            
    </span>
  </div>
  <div
    style="display: inline-flex; flex-direction: column; align-items: center; margin: 0px 8px 12px 0px;"
  >
    <span
      class="m-country-flag m--is-code-iso2-cx"
      height="35px"
      title="cx"
      width="60px"
    >
      {}
    </span>
     
    <span
      style="margin-top: 2px; font-size: 12px;"
    >
      
                cx
            
    </span>
  </div>
  <div
    style="display: inline-flex; flex-direction: column; align-items: center; margin: 0px 8px 12px 0px;"
  >
    <span
      class="m-country-flag m--is-code-iso2-cc"
      height="35px"
      title="cc"
      width="60px"
    >
      {}
    </span>
     
    <span
      style="margin-top: 2px; font-size: 12px;"
    >
      
                cc
            
    </span>
  </div>
  <div
    style="display: inline-flex; flex-direction: column; align-items: center; margin: 0px 8px 12px 0px;"
  >
    <span
      class="m-country-flag m--is-code-iso2-co"
      height="35px"
      title="co"
      width="60px"
    >
      {}
    </span>
     
    <span
      style="margin-top: 2px; font-size: 12px;"
    >
      
                co
            
    </span>
  </div>
  <div
    style="display: inline-flex; flex-direction: column; align-items: center; margin: 0px 8px 12px 0px;"
  >
    <span
      class="m-country-flag m--is-code-iso2-km"
      height="35px"
      title="km"
      width="60px"
    >
      {}
    </span>
     
    <span
      style="margin-top: 2px; font-size: 12px;"
    >
      
                km
            
    </span>
  </div>
  <div
    style="display: inline-flex; flex-direction: column; align-items: center; margin: 0px 8px 12px 0px;"
  >
    <span
      class="m-country-flag m--is-code-iso2-cg"
      height="35px"
      title="cg"
      width="60px"
    >
      {}
    </span>
     
    <span
      style="margin-top: 2px; font-size: 12px;"
    >
      
                cg
            
    </span>
  </div>
  <div
    style="display: inline-flex; flex-direction: column; align-items: center; margin: 0px 8px 12px 0px;"
  >
    <span
      class="m-country-flag m--is-code-iso2-cd"
      height="35px"
      title="cd"
      width="60px"
    >
      {}
    </span>
     
    <span
      style="margin-top: 2px; font-size: 12px;"
    >
      
                cd
            
    </span>
  </div>
  <div
    style="display: inline-flex; flex-direction: column; align-items: center; margin: 0px 8px 12px 0px;"
  >
    <span
      class="m-country-flag m--is-code-iso2-ck"
      height="35px"
      title="ck"
      width="60px"
    >
      {}
    </span>
     
    <span
      style="margin-top: 2px; font-size: 12px;"
    >
      
                ck
            
    </span>
  </div>
  <div
    style="display: inline-flex; flex-direction: column; align-items: center; margin: 0px 8px 12px 0px;"
  >
    <span
      class="m-country-flag m--is-code-iso2-cr"
      height="35px"
      title="cr"
      width="60px"
    >
      {}
    </span>
     
    <span
      style="margin-top: 2px; font-size: 12px;"
    >
      
                cr
            
    </span>
  </div>
  <div
    style="display: inline-flex; flex-direction: column; align-items: center; margin: 0px 8px 12px 0px;"
  >
    <span
      class="m-country-flag m--is-code-iso2-ci"
      height="35px"
      title="ci"
      width="60px"
    >
      {}
    </span>
     
    <span
      style="margin-top: 2px; font-size: 12px;"
    >
      
                ci
            
    </span>
  </div>
  <div
    style="display: inline-flex; flex-direction: column; align-items: center; margin: 0px 8px 12px 0px;"
  >
    <span
      class="m-country-flag m--is-code-iso2-hr"
      height="35px"
      title="hr"
      width="60px"
    >
      {}
    </span>
     
    <span
      style="margin-top: 2px; font-size: 12px;"
    >
      
                hr
            
    </span>
  </div>
  <div
    style="display: inline-flex; flex-direction: column; align-items: center; margin: 0px 8px 12px 0px;"
  >
    <span
      class="m-country-flag m--is-code-iso2-cu"
      height="35px"
      title="cu"
      width="60px"
    >
      {}
    </span>
     
    <span
      style="margin-top: 2px; font-size: 12px;"
    >
      
                cu
            
    </span>
  </div>
  <div
    style="display: inline-flex; flex-direction: column; align-items: center; margin: 0px 8px 12px 0px;"
  >
    <span
      class="m-country-flag m--is-code-iso2-cy"
      height="35px"
      title="cy"
      width="60px"
    >
      {}
    </span>
     
    <span
      style="margin-top: 2px; font-size: 12px;"
    >
      
                cy
            
    </span>
  </div>
  <div
    style="display: inline-flex; flex-direction: column; align-items: center; margin: 0px 8px 12px 0px;"
  >
    <span
      class="m-country-flag m--is-code-iso2-cz"
      height="35px"
      title="cz"
      width="60px"
    >
      {}
    </span>
     
    <span
      style="margin-top: 2px; font-size: 12px;"
    >
      
                cz
            
    </span>
  </div>
  <div
    style="display: inline-flex; flex-direction: column; align-items: center; margin: 0px 8px 12px 0px;"
  >
    <span
      class="m-country-flag m--is-code-iso2-dk"
      height="35px"
      title="dk"
      width="60px"
    >
      {}
    </span>
     
    <span
      style="margin-top: 2px; font-size: 12px;"
    >
      
                dk
            
    </span>
  </div>
  <div
    style="display: inline-flex; flex-direction: column; align-items: center; margin: 0px 8px 12px 0px;"
  >
    <span
      class="m-country-flag m--is-code-iso2-dj"
      height="35px"
      title="dj"
      width="60px"
    >
      {}
    </span>
     
    <span
      style="margin-top: 2px; font-size: 12px;"
    >
      
                dj
            
    </span>
  </div>
  <div
    style="display: inline-flex; flex-direction: column; align-items: center; margin: 0px 8px 12px 0px;"
  >
    <span
      class="m-country-flag m--is-code-iso2-dm"
      height="35px"
      title="dm"
      width="60px"
    >
      {}
    </span>
     
    <span
      style="margin-top: 2px; font-size: 12px;"
    >
      
                dm
            
    </span>
  </div>
  <div
    style="display: inline-flex; flex-direction: column; align-items: center; margin: 0px 8px 12px 0px;"
  >
    <span
      class="m-country-flag m--is-code-iso2-do"
      height="35px"
      title="do"
      width="60px"
    >
      {}
    </span>
     
    <span
      style="margin-top: 2px; font-size: 12px;"
    >
      
                do
            
    </span>
  </div>
  <div
    style="display: inline-flex; flex-direction: column; align-items: center; margin: 0px 8px 12px 0px;"
  >
    <span
      class="m-country-flag m--is-code-iso2-ec"
      height="35px"
      title="ec"
      width="60px"
    >
      {}
    </span>
     
    <span
      style="margin-top: 2px; font-size: 12px;"
    >
      
                ec
            
    </span>
  </div>
  <div
    style="display: inline-flex; flex-direction: column; align-items: center; margin: 0px 8px 12px 0px;"
  >
    <span
      class="m-country-flag m--is-code-iso2-eg"
      height="35px"
      title="eg"
      width="60px"
    >
      {}
    </span>
     
    <span
      style="margin-top: 2px; font-size: 12px;"
    >
      
                eg
            
    </span>
  </div>
  <div
    style="display: inline-flex; flex-direction: column; align-items: center; margin: 0px 8px 12px 0px;"
  >
    <span
      class="m-country-flag m--is-code-iso2-sv"
      height="35px"
      title="sv"
      width="60px"
    >
      {}
    </span>
     
    <span
      style="margin-top: 2px; font-size: 12px;"
    >
      
                sv
            
    </span>
  </div>
  <div
    style="display: inline-flex; flex-direction: column; align-items: center; margin: 0px 8px 12px 0px;"
  >
    <span
      class="m-country-flag m--is-code-iso2-gq"
      height="35px"
      title="gq"
      width="60px"
    >
      {}
    </span>
     
    <span
      style="margin-top: 2px; font-size: 12px;"
    >
      
                gq
            
    </span>
  </div>
  <div
    style="display: inline-flex; flex-direction: column; align-items: center; margin: 0px 8px 12px 0px;"
  >
    <span
      class="m-country-flag m--is-code-iso2-er"
      height="35px"
      title="er"
      width="60px"
    >
      {}
    </span>
     
    <span
      style="margin-top: 2px; font-size: 12px;"
    >
      
                er
            
    </span>
  </div>
  <div
    style="display: inline-flex; flex-direction: column; align-items: center; margin: 0px 8px 12px 0px;"
  >
    <span
      class="m-country-flag m--is-code-iso2-ee"
      height="35px"
      title="ee"
      width="60px"
    >
      {}
    </span>
     
    <span
      style="margin-top: 2px; font-size: 12px;"
    >
      
                ee
            
    </span>
  </div>
  <div
    style="display: inline-flex; flex-direction: column; align-items: center; margin: 0px 8px 12px 0px;"
  >
    <span
      class="m-country-flag m--is-code-iso2-et"
      height="35px"
      title="et"
      width="60px"
    >
      {}
    </span>
     
    <span
      style="margin-top: 2px; font-size: 12px;"
    >
      
                et
            
    </span>
  </div>
  <div
    style="display: inline-flex; flex-direction: column; align-items: center; margin: 0px 8px 12px 0px;"
  >
    <span
      class="m-country-flag m--is-code-iso2-fk"
      height="35px"
      title="fk"
      width="60px"
    >
      {}
    </span>
     
    <span
      style="margin-top: 2px; font-size: 12px;"
    >
      
                fk
            
    </span>
  </div>
  <div
    style="display: inline-flex; flex-direction: column; align-items: center; margin: 0px 8px 12px 0px;"
  >
    <span
      class="m-country-flag m--is-code-iso2-fo"
      height="35px"
      title="fo"
      width="60px"
    >
      {}
    </span>
     
    <span
      style="margin-top: 2px; font-size: 12px;"
    >
      
                fo
            
    </span>
  </div>
  <div
    style="display: inline-flex; flex-direction: column; align-items: center; margin: 0px 8px 12px 0px;"
  >
    <span
      class="m-country-flag m--is-code-iso2-fj"
      height="35px"
      title="fj"
      width="60px"
    >
      {}
    </span>
     
    <span
      style="margin-top: 2px; font-size: 12px;"
    >
      
                fj
            
    </span>
  </div>
  <div
    style="display: inline-flex; flex-direction: column; align-items: center; margin: 0px 8px 12px 0px;"
  >
    <span
      class="m-country-flag m--is-code-iso2-fi"
      height="35px"
      title="fi"
      width="60px"
    >
      {}
    </span>
     
    <span
      style="margin-top: 2px; font-size: 12px;"
    >
      
                fi
            
    </span>
  </div>
  <div
    style="display: inline-flex; flex-direction: column; align-items: center; margin: 0px 8px 12px 0px;"
  >
    <span
      class="m-country-flag m--is-code-iso2-fr"
      height="35px"
      title="fr"
      width="60px"
    >
      {}
    </span>
     
    <span
      style="margin-top: 2px; font-size: 12px;"
    >
      
                fr
            
    </span>
  </div>
  <div
    style="display: inline-flex; flex-direction: column; align-items: center; margin: 0px 8px 12px 0px;"
  >
    <span
      class="m-country-flag m--is-code-iso2-gf"
      height="35px"
      title="gf"
      width="60px"
    >
      {}
    </span>
     
    <span
      style="margin-top: 2px; font-size: 12px;"
    >
      
                gf
            
    </span>
  </div>
  <div
    style="display: inline-flex; flex-direction: column; align-items: center; margin: 0px 8px 12px 0px;"
  >
    <span
      class="m-country-flag m--is-code-iso2-pf"
      height="35px"
      title="pf"
      width="60px"
    >
      {}
    </span>
     
    <span
      style="margin-top: 2px; font-size: 12px;"
    >
      
                pf
            
    </span>
  </div>
  <div
    style="display: inline-flex; flex-direction: column; align-items: center; margin: 0px 8px 12px 0px;"
  >
    <span
      class="m-country-flag m--is-code-iso2-tf"
      height="35px"
      title="tf"
      width="60px"
    >
      {}
    </span>
     
    <span
      style="margin-top: 2px; font-size: 12px;"
    >
      
                tf
            
    </span>
  </div>
  <div
    style="display: inline-flex; flex-direction: column; align-items: center; margin: 0px 8px 12px 0px;"
  >
    <span
      class="m-country-flag m--is-code-iso2-ga"
      height="35px"
      title="ga"
      width="60px"
    >
      {}
    </span>
     
    <span
      style="margin-top: 2px; font-size: 12px;"
    >
      
                ga
            
    </span>
  </div>
  <div
    style="display: inline-flex; flex-direction: column; align-items: center; margin: 0px 8px 12px 0px;"
  >
    <span
      class="m-country-flag m--is-code-iso2-gm"
      height="35px"
      title="gm"
      width="60px"
    >
      {}
    </span>
     
    <span
      style="margin-top: 2px; font-size: 12px;"
    >
      
                gm
            
    </span>
  </div>
  <div
    style="display: inline-flex; flex-direction: column; align-items: center; margin: 0px 8px 12px 0px;"
  >
    <span
      class="m-country-flag m--is-code-iso2-ge"
      height="35px"
      title="ge"
      width="60px"
    >
      {}
    </span>
     
    <span
      style="margin-top: 2px; font-size: 12px;"
    >
      
                ge
            
    </span>
  </div>
  <div
    style="display: inline-flex; flex-direction: column; align-items: center; margin: 0px 8px 12px 0px;"
  >
    <span
      class="m-country-flag m--is-code-iso2-de"
      height="35px"
      title="de"
      width="60px"
    >
      {}
    </span>
     
    <span
      style="margin-top: 2px; font-size: 12px;"
    >
      
                de
            
    </span>
  </div>
  <div
    style="display: inline-flex; flex-direction: column; align-items: center; margin: 0px 8px 12px 0px;"
  >
    <span
      class="m-country-flag m--is-code-iso2-gh"
      height="35px"
      title="gh"
      width="60px"
    >
      {}
    </span>
     
    <span
      style="margin-top: 2px; font-size: 12px;"
    >
      
                gh
            
    </span>
  </div>
  <div
    style="display: inline-flex; flex-direction: column; align-items: center; margin: 0px 8px 12px 0px;"
  >
    <span
      class="m-country-flag m--is-code-iso2-gi"
      height="35px"
      title="gi"
      width="60px"
    >
      {}
    </span>
     
    <span
      style="margin-top: 2px; font-size: 12px;"
    >
      
                gi
            
    </span>
  </div>
  <div
    style="display: inline-flex; flex-direction: column; align-items: center; margin: 0px 8px 12px 0px;"
  >
    <span
      class="m-country-flag m--is-code-iso2-gr"
      height="35px"
      title="gr"
      width="60px"
    >
      {}
    </span>
     
    <span
      style="margin-top: 2px; font-size: 12px;"
    >
      
                gr
            
    </span>
  </div>
  <div
    style="display: inline-flex; flex-direction: column; align-items: center; margin: 0px 8px 12px 0px;"
  >
    <span
      class="m-country-flag m--is-code-iso2-gl"
      height="35px"
      title="gl"
      width="60px"
    >
      {}
    </span>
     
    <span
      style="margin-top: 2px; font-size: 12px;"
    >
      
                gl
            
    </span>
  </div>
  <div
    style="display: inline-flex; flex-direction: column; align-items: center; margin: 0px 8px 12px 0px;"
  >
    <span
      class="m-country-flag m--is-code-iso2-gd"
      height="35px"
      title="gd"
      width="60px"
    >
      {}
    </span>
     
    <span
      style="margin-top: 2px; font-size: 12px;"
    >
      
                gd
            
    </span>
  </div>
  <div
    style="display: inline-flex; flex-direction: column; align-items: center; margin: 0px 8px 12px 0px;"
  >
    <span
      class="m-country-flag m--is-code-iso2-gp"
      height="35px"
      title="gp"
      width="60px"
    >
      {}
    </span>
     
    <span
      style="margin-top: 2px; font-size: 12px;"
    >
      
                gp
            
    </span>
  </div>
  <div
    style="display: inline-flex; flex-direction: column; align-items: center; margin: 0px 8px 12px 0px;"
  >
    <span
      class="m-country-flag m--is-code-iso2-gu"
      height="35px"
      title="gu"
      width="60px"
    >
      {}
    </span>
     
    <span
      style="margin-top: 2px; font-size: 12px;"
    >
      
                gu
            
    </span>
  </div>
  <div
    style="display: inline-flex; flex-direction: column; align-items: center; margin: 0px 8px 12px 0px;"
  >
    <span
      class="m-country-flag m--is-code-iso2-gt"
      height="35px"
      title="gt"
      width="60px"
    >
      {}
    </span>
     
    <span
      style="margin-top: 2px; font-size: 12px;"
    >
      
                gt
            
    </span>
  </div>
  <div
    style="display: inline-flex; flex-direction: column; align-items: center; margin: 0px 8px 12px 0px;"
  >
    <span
      class="m-country-flag m--is-code-iso2-gg"
      height="35px"
      title="gg"
      width="60px"
    >
      {}
    </span>
     
    <span
      style="margin-top: 2px; font-size: 12px;"
    >
      
                gg
            
    </span>
  </div>
  <div
    style="display: inline-flex; flex-direction: column; align-items: center; margin: 0px 8px 12px 0px;"
  >
    <span
      class="m-country-flag m--is-code-iso2-gn"
      height="35px"
      title="gn"
      width="60px"
    >
      {}
    </span>
     
    <span
      style="margin-top: 2px; font-size: 12px;"
    >
      
                gn
            
    </span>
  </div>
  <div
    style="display: inline-flex; flex-direction: column; align-items: center; margin: 0px 8px 12px 0px;"
  >
    <span
      class="m-country-flag m--is-code-iso2-gw"
      height="35px"
      title="gw"
      width="60px"
    >
      {}
    </span>
     
    <span
      style="margin-top: 2px; font-size: 12px;"
    >
      
                gw
            
    </span>
  </div>
  <div
    style="display: inline-flex; flex-direction: column; align-items: center; margin: 0px 8px 12px 0px;"
  >
    <span
      class="m-country-flag m--is-code-iso2-gy"
      height="35px"
      title="gy"
      width="60px"
    >
      {}
    </span>
     
    <span
      style="margin-top: 2px; font-size: 12px;"
    >
      
                gy
            
    </span>
  </div>
  <div
    style="display: inline-flex; flex-direction: column; align-items: center; margin: 0px 8px 12px 0px;"
  >
    <span
      class="m-country-flag m--is-code-iso2-ht"
      height="35px"
      title="ht"
      width="60px"
    >
      {}
    </span>
     
    <span
      style="margin-top: 2px; font-size: 12px;"
    >
      
                ht
            
    </span>
  </div>
  <div
    style="display: inline-flex; flex-direction: column; align-items: center; margin: 0px 8px 12px 0px;"
  >
    <span
      class="m-country-flag m--is-code-iso2-hm"
      height="35px"
      title="hm"
      width="60px"
    >
      {}
    </span>
     
    <span
      style="margin-top: 2px; font-size: 12px;"
    >
      
                hm
            
    </span>
  </div>
  <div
    style="display: inline-flex; flex-direction: column; align-items: center; margin: 0px 8px 12px 0px;"
  >
    <span
      class="m-country-flag m--is-code-iso2-va"
      height="35px"
      title="va"
      width="60px"
    >
      {}
    </span>
     
    <span
      style="margin-top: 2px; font-size: 12px;"
    >
      
                va
            
    </span>
  </div>
  <div
    style="display: inline-flex; flex-direction: column; align-items: center; margin: 0px 8px 12px 0px;"
  >
    <span
      class="m-country-flag m--is-code-iso2-hn"
      height="35px"
      title="hn"
      width="60px"
    >
      {}
    </span>
     
    <span
      style="margin-top: 2px; font-size: 12px;"
    >
      
                hn
            
    </span>
  </div>
  <div
    style="display: inline-flex; flex-direction: column; align-items: center; margin: 0px 8px 12px 0px;"
  >
    <span
      class="m-country-flag m--is-code-iso2-hk"
      height="35px"
      title="hk"
      width="60px"
    >
      {}
    </span>
     
    <span
      style="margin-top: 2px; font-size: 12px;"
    >
      
                hk
            
    </span>
  </div>
  <div
    style="display: inline-flex; flex-direction: column; align-items: center; margin: 0px 8px 12px 0px;"
  >
    <span
      class="m-country-flag m--is-code-iso2-hu"
      height="35px"
      title="hu"
      width="60px"
    >
      {}
    </span>
     
    <span
      style="margin-top: 2px; font-size: 12px;"
    >
      
                hu
            
    </span>
  </div>
  <div
    style="display: inline-flex; flex-direction: column; align-items: center; margin: 0px 8px 12px 0px;"
  >
    <span
      class="m-country-flag m--is-code-iso2-is"
      height="35px"
      title="is"
      width="60px"
    >
      {}
    </span>
     
    <span
      style="margin-top: 2px; font-size: 12px;"
    >
      
                is
            
    </span>
  </div>
  <div
    style="display: inline-flex; flex-direction: column; align-items: center; margin: 0px 8px 12px 0px;"
  >
    <span
      class="m-country-flag m--is-code-iso2-in"
      height="35px"
      title="in"
      width="60px"
    >
      {}
    </span>
     
    <span
      style="margin-top: 2px; font-size: 12px;"
    >
      
                in
            
    </span>
  </div>
  <div
    style="display: inline-flex; flex-direction: column; align-items: center; margin: 0px 8px 12px 0px;"
  >
    <span
      class="m-country-flag m--is-code-iso2-id"
      height="35px"
      title="id"
      width="60px"
    >
      {}
    </span>
     
    <span
      style="margin-top: 2px; font-size: 12px;"
    >
      
                id
            
    </span>
  </div>
  <div
    style="display: inline-flex; flex-direction: column; align-items: center; margin: 0px 8px 12px 0px;"
  >
    <span
      class="m-country-flag m--is-code-iso2-ir"
      height="35px"
      title="ir"
      width="60px"
    >
      {}
    </span>
     
    <span
      style="margin-top: 2px; font-size: 12px;"
    >
      
                ir
            
    </span>
  </div>
  <div
    style="display: inline-flex; flex-direction: column; align-items: center; margin: 0px 8px 12px 0px;"
  >
    <span
      class="m-country-flag m--is-code-iso2-iq"
      height="35px"
      title="iq"
      width="60px"
    >
      {}
    </span>
     
    <span
      style="margin-top: 2px; font-size: 12px;"
    >
      
                iq
            
    </span>
  </div>
  <div
    style="display: inline-flex; flex-direction: column; align-items: center; margin: 0px 8px 12px 0px;"
  >
    <span
      class="m-country-flag m--is-code-iso2-ie"
      height="35px"
      title="ie"
      width="60px"
    >
      {}
    </span>
     
    <span
      style="margin-top: 2px; font-size: 12px;"
    >
      
                ie
            
    </span>
  </div>
  <div
    style="display: inline-flex; flex-direction: column; align-items: center; margin: 0px 8px 12px 0px;"
  >
    <span
      class="m-country-flag m--is-code-iso2-im"
      height="35px"
      title="im"
      width="60px"
    >
      {}
    </span>
     
    <span
      style="margin-top: 2px; font-size: 12px;"
    >
      
                im
            
    </span>
  </div>
  <div
    style="display: inline-flex; flex-direction: column; align-items: center; margin: 0px 8px 12px 0px;"
  >
    <span
      class="m-country-flag m--is-code-iso2-il"
      height="35px"
      title="il"
      width="60px"
    >
      {}
    </span>
     
    <span
      style="margin-top: 2px; font-size: 12px;"
    >
      
                il
            
    </span>
  </div>
  <div
    style="display: inline-flex; flex-direction: column; align-items: center; margin: 0px 8px 12px 0px;"
  >
    <span
      class="m-country-flag m--is-code-iso2-it"
      height="35px"
      title="it"
      width="60px"
    >
      {}
    </span>
     
    <span
      style="margin-top: 2px; font-size: 12px;"
    >
      
                it
            
    </span>
  </div>
  <div
    style="display: inline-flex; flex-direction: column; align-items: center; margin: 0px 8px 12px 0px;"
  >
    <span
      class="m-country-flag m--is-code-iso2-jm"
      height="35px"
      title="jm"
      width="60px"
    >
      {}
    </span>
     
    <span
      style="margin-top: 2px; font-size: 12px;"
    >
      
                jm
            
    </span>
  </div>
  <div
    style="display: inline-flex; flex-direction: column; align-items: center; margin: 0px 8px 12px 0px;"
  >
    <span
      class="m-country-flag m--is-code-iso2-jp"
      height="35px"
      title="jp"
      width="60px"
    >
      {}
    </span>
     
    <span
      style="margin-top: 2px; font-size: 12px;"
    >
      
                jp
            
    </span>
  </div>
  <div
    style="display: inline-flex; flex-direction: column; align-items: center; margin: 0px 8px 12px 0px;"
  >
    <span
      class="m-country-flag m--is-code-iso2-je"
      height="35px"
      title="je"
      width="60px"
    >
      {}
    </span>
     
    <span
      style="margin-top: 2px; font-size: 12px;"
    >
      
                je
            
    </span>
  </div>
  <div
    style="display: inline-flex; flex-direction: column; align-items: center; margin: 0px 8px 12px 0px;"
  >
    <span
      class="m-country-flag m--is-code-iso2-jo"
      height="35px"
      title="jo"
      width="60px"
    >
      {}
    </span>
     
    <span
      style="margin-top: 2px; font-size: 12px;"
    >
      
                jo
            
    </span>
  </div>
  <div
    style="display: inline-flex; flex-direction: column; align-items: center; margin: 0px 8px 12px 0px;"
  >
    <span
      class="m-country-flag m--is-code-iso2-kz"
      height="35px"
      title="kz"
      width="60px"
    >
      {}
    </span>
     
    <span
      style="margin-top: 2px; font-size: 12px;"
    >
      
                kz
            
    </span>
  </div>
  <div
    style="display: inline-flex; flex-direction: column; align-items: center; margin: 0px 8px 12px 0px;"
  >
    <span
      class="m-country-flag m--is-code-iso2-ke"
      height="35px"
      title="ke"
      width="60px"
    >
      {}
    </span>
     
    <span
      style="margin-top: 2px; font-size: 12px;"
    >
      
                ke
            
    </span>
  </div>
  <div
    style="display: inline-flex; flex-direction: column; align-items: center; margin: 0px 8px 12px 0px;"
  >
    <span
      class="m-country-flag m--is-code-iso2-ki"
      height="35px"
      title="ki"
      width="60px"
    >
      {}
    </span>
     
    <span
      style="margin-top: 2px; font-size: 12px;"
    >
      
                ki
            
    </span>
  </div>
  <div
    style="display: inline-flex; flex-direction: column; align-items: center; margin: 0px 8px 12px 0px;"
  >
    <span
      class="m-country-flag m--is-code-iso2-kr"
      height="35px"
      title="kr"
      width="60px"
    >
      {}
    </span>
     
    <span
      style="margin-top: 2px; font-size: 12px;"
    >
      
                kr
            
    </span>
  </div>
  <div
    style="display: inline-flex; flex-direction: column; align-items: center; margin: 0px 8px 12px 0px;"
  >
    <span
      class="m-country-flag m--is-code-iso2-kw"
      height="35px"
      title="kw"
      width="60px"
    >
      {}
    </span>
     
    <span
      style="margin-top: 2px; font-size: 12px;"
    >
      
                kw
            
    </span>
  </div>
  <div
    style="display: inline-flex; flex-direction: column; align-items: center; margin: 0px 8px 12px 0px;"
  >
    <span
      class="m-country-flag m--is-code-iso2-kg"
      height="35px"
      title="kg"
      width="60px"
    >
      {}
    </span>
     
    <span
      style="margin-top: 2px; font-size: 12px;"
    >
      
                kg
            
    </span>
  </div>
  <div
    style="display: inline-flex; flex-direction: column; align-items: center; margin: 0px 8px 12px 0px;"
  >
    <span
      class="m-country-flag m--is-code-iso2-la"
      height="35px"
      title="la"
      width="60px"
    >
      {}
    </span>
     
    <span
      style="margin-top: 2px; font-size: 12px;"
    >
      
                la
            
    </span>
  </div>
  <div
    style="display: inline-flex; flex-direction: column; align-items: center; margin: 0px 8px 12px 0px;"
  >
    <span
      class="m-country-flag m--is-code-iso2-lv"
      height="35px"
      title="lv"
      width="60px"
    >
      {}
    </span>
     
    <span
      style="margin-top: 2px; font-size: 12px;"
    >
      
                lv
            
    </span>
  </div>
  <div
    style="display: inline-flex; flex-direction: column; align-items: center; margin: 0px 8px 12px 0px;"
  >
    <span
      class="m-country-flag m--is-code-iso2-lb"
      height="35px"
      title="lb"
      width="60px"
    >
      {}
    </span>
     
    <span
      style="margin-top: 2px; font-size: 12px;"
    >
      
                lb
            
    </span>
  </div>
  <div
    style="display: inline-flex; flex-direction: column; align-items: center; margin: 0px 8px 12px 0px;"
  >
    <span
      class="m-country-flag m--is-code-iso2-ls"
      height="35px"
      title="ls"
      width="60px"
    >
      {}
    </span>
     
    <span
      style="margin-top: 2px; font-size: 12px;"
    >
      
                ls
            
    </span>
  </div>
  <div
    style="display: inline-flex; flex-direction: column; align-items: center; margin: 0px 8px 12px 0px;"
  >
    <span
      class="m-country-flag m--is-code-iso2-lr"
      height="35px"
      title="lr"
      width="60px"
    >
      {}
    </span>
     
    <span
      style="margin-top: 2px; font-size: 12px;"
    >
      
                lr
            
    </span>
  </div>
  <div
    style="display: inline-flex; flex-direction: column; align-items: center; margin: 0px 8px 12px 0px;"
  >
    <span
      class="m-country-flag m--is-code-iso2-ly"
      height="35px"
      title="ly"
      width="60px"
    >
      {}
    </span>
     
    <span
      style="margin-top: 2px; font-size: 12px;"
    >
      
                ly
            
    </span>
  </div>
  <div
    style="display: inline-flex; flex-direction: column; align-items: center; margin: 0px 8px 12px 0px;"
  >
    <span
      class="m-country-flag m--is-code-iso2-li"
      height="35px"
      title="li"
      width="60px"
    >
      {}
    </span>
     
    <span
      style="margin-top: 2px; font-size: 12px;"
    >
      
                li
            
    </span>
  </div>
  <div
    style="display: inline-flex; flex-direction: column; align-items: center; margin: 0px 8px 12px 0px;"
  >
    <span
      class="m-country-flag m--is-code-iso2-lt"
      height="35px"
      title="lt"
      width="60px"
    >
      {}
    </span>
     
    <span
      style="margin-top: 2px; font-size: 12px;"
    >
      
                lt
            
    </span>
  </div>
  <div
    style="display: inline-flex; flex-direction: column; align-items: center; margin: 0px 8px 12px 0px;"
  >
    <span
      class="m-country-flag m--is-code-iso2-lu"
      height="35px"
      title="lu"
      width="60px"
    >
      {}
    </span>
     
    <span
      style="margin-top: 2px; font-size: 12px;"
    >
      
                lu
            
    </span>
  </div>
  <div
    style="display: inline-flex; flex-direction: column; align-items: center; margin: 0px 8px 12px 0px;"
  >
    <span
      class="m-country-flag m--is-code-iso2-mo"
      height="35px"
      title="mo"
      width="60px"
    >
      {}
    </span>
     
    <span
      style="margin-top: 2px; font-size: 12px;"
    >
      
                mo
            
    </span>
  </div>
  <div
    style="display: inline-flex; flex-direction: column; align-items: center; margin: 0px 8px 12px 0px;"
  >
    <span
      class="m-country-flag m--is-code-iso2-mk"
      height="35px"
      title="mk"
      width="60px"
    >
      {}
    </span>
     
    <span
      style="margin-top: 2px; font-size: 12px;"
    >
      
                mk
            
    </span>
  </div>
  <div
    style="display: inline-flex; flex-direction: column; align-items: center; margin: 0px 8px 12px 0px;"
  >
    <span
      class="m-country-flag m--is-code-iso2-mg"
      height="35px"
      title="mg"
      width="60px"
    >
      {}
    </span>
     
    <span
      style="margin-top: 2px; font-size: 12px;"
    >
      
                mg
            
    </span>
  </div>
  <div
    style="display: inline-flex; flex-direction: column; align-items: center; margin: 0px 8px 12px 0px;"
  >
    <span
      class="m-country-flag m--is-code-iso2-mw"
      height="35px"
      title="mw"
      width="60px"
    >
      {}
    </span>
     
    <span
      style="margin-top: 2px; font-size: 12px;"
    >
      
                mw
            
    </span>
  </div>
  <div
    style="display: inline-flex; flex-direction: column; align-items: center; margin: 0px 8px 12px 0px;"
  >
    <span
      class="m-country-flag m--is-code-iso2-my"
      height="35px"
      title="my"
      width="60px"
    >
      {}
    </span>
     
    <span
      style="margin-top: 2px; font-size: 12px;"
    >
      
                my
            
    </span>
  </div>
  <div
    style="display: inline-flex; flex-direction: column; align-items: center; margin: 0px 8px 12px 0px;"
  >
    <span
      class="m-country-flag m--is-code-iso2-mv"
      height="35px"
      title="mv"
      width="60px"
    >
      {}
    </span>
     
    <span
      style="margin-top: 2px; font-size: 12px;"
    >
      
                mv
            
    </span>
  </div>
  <div
    style="display: inline-flex; flex-direction: column; align-items: center; margin: 0px 8px 12px 0px;"
  >
    <span
      class="m-country-flag m--is-code-iso2-ml"
      height="35px"
      title="ml"
      width="60px"
    >
      {}
    </span>
     
    <span
      style="margin-top: 2px; font-size: 12px;"
    >
      
                ml
            
    </span>
  </div>
  <div
    style="display: inline-flex; flex-direction: column; align-items: center; margin: 0px 8px 12px 0px;"
  >
    <span
      class="m-country-flag m--is-code-iso2-mt"
      height="35px"
      title="mt"
      width="60px"
    >
      {}
    </span>
     
    <span
      style="margin-top: 2px; font-size: 12px;"
    >
      
                mt
            
    </span>
  </div>
  <div
    style="display: inline-flex; flex-direction: column; align-items: center; margin: 0px 8px 12px 0px;"
  >
    <span
      class="m-country-flag m--is-code-iso2-mh"
      height="35px"
      title="mh"
      width="60px"
    >
      {}
    </span>
     
    <span
      style="margin-top: 2px; font-size: 12px;"
    >
      
                mh
            
    </span>
  </div>
  <div
    style="display: inline-flex; flex-direction: column; align-items: center; margin: 0px 8px 12px 0px;"
  >
    <span
      class="m-country-flag m--is-code-iso2-mq"
      height="35px"
      title="mq"
      width="60px"
    >
      {}
    </span>
     
    <span
      style="margin-top: 2px; font-size: 12px;"
    >
      
                mq
            
    </span>
  </div>
  <div
    style="display: inline-flex; flex-direction: column; align-items: center; margin: 0px 8px 12px 0px;"
  >
    <span
      class="m-country-flag m--is-code-iso2-mr"
      height="35px"
      title="mr"
      width="60px"
    >
      {}
    </span>
     
    <span
      style="margin-top: 2px; font-size: 12px;"
    >
      
                mr
            
    </span>
  </div>
  <div
    style="display: inline-flex; flex-direction: column; align-items: center; margin: 0px 8px 12px 0px;"
  >
    <span
      class="m-country-flag m--is-code-iso2-mu"
      height="35px"
      title="mu"
      width="60px"
    >
      {}
    </span>
     
    <span
      style="margin-top: 2px; font-size: 12px;"
    >
      
                mu
            
    </span>
  </div>
  <div
    style="display: inline-flex; flex-direction: column; align-items: center; margin: 0px 8px 12px 0px;"
  >
    <span
      class="m-country-flag m--is-code-iso2-yt"
      height="35px"
      title="yt"
      width="60px"
    >
      {}
    </span>
     
    <span
      style="margin-top: 2px; font-size: 12px;"
    >
      
                yt
            
    </span>
  </div>
  <div
    style="display: inline-flex; flex-direction: column; align-items: center; margin: 0px 8px 12px 0px;"
  >
    <span
      class="m-country-flag m--is-code-iso2-mx"
      height="35px"
      title="mx"
      width="60px"
    >
      {}
    </span>
     
    <span
      style="margin-top: 2px; font-size: 12px;"
    >
      
                mx
            
    </span>
  </div>
  <div
    style="display: inline-flex; flex-direction: column; align-items: center; margin: 0px 8px 12px 0px;"
  >
    <span
      class="m-country-flag m--is-code-iso2-fm"
      height="35px"
      title="fm"
      width="60px"
    >
      {}
    </span>
     
    <span
      style="margin-top: 2px; font-size: 12px;"
    >
      
                fm
            
    </span>
  </div>
  <div
    style="display: inline-flex; flex-direction: column; align-items: center; margin: 0px 8px 12px 0px;"
  >
    <span
      class="m-country-flag m--is-code-iso2-md"
      height="35px"
      title="md"
      width="60px"
    >
      {}
    </span>
     
    <span
      style="margin-top: 2px; font-size: 12px;"
    >
      
                md
            
    </span>
  </div>
  <div
    style="display: inline-flex; flex-direction: column; align-items: center; margin: 0px 8px 12px 0px;"
  >
    <span
      class="m-country-flag m--is-code-iso2-mc"
      height="35px"
      title="mc"
      width="60px"
    >
      {}
    </span>
     
    <span
      style="margin-top: 2px; font-size: 12px;"
    >
      
                mc
            
    </span>
  </div>
  <div
    style="display: inline-flex; flex-direction: column; align-items: center; margin: 0px 8px 12px 0px;"
  >
    <span
      class="m-country-flag m--is-code-iso2-mn"
      height="35px"
      title="mn"
      width="60px"
    >
      {}
    </span>
     
    <span
      style="margin-top: 2px; font-size: 12px;"
    >
      
                mn
            
    </span>
  </div>
  <div
    style="display: inline-flex; flex-direction: column; align-items: center; margin: 0px 8px 12px 0px;"
  >
    <span
      class="m-country-flag m--is-code-iso2-me"
      height="35px"
      title="me"
      width="60px"
    >
      {}
    </span>
     
    <span
      style="margin-top: 2px; font-size: 12px;"
    >
      
                me
            
    </span>
  </div>
  <div
    style="display: inline-flex; flex-direction: column; align-items: center; margin: 0px 8px 12px 0px;"
  >
    <span
      class="m-country-flag m--is-code-iso2-ms"
      height="35px"
      title="ms"
      width="60px"
    >
      {}
    </span>
     
    <span
      style="margin-top: 2px; font-size: 12px;"
    >
      
                ms
            
    </span>
  </div>
  <div
    style="display: inline-flex; flex-direction: column; align-items: center; margin: 0px 8px 12px 0px;"
  >
    <span
      class="m-country-flag m--is-code-iso2-ma"
      height="35px"
      title="ma"
      width="60px"
    >
      {}
    </span>
     
    <span
      style="margin-top: 2px; font-size: 12px;"
    >
      
                ma
            
    </span>
  </div>
  <div
    style="display: inline-flex; flex-direction: column; align-items: center; margin: 0px 8px 12px 0px;"
  >
    <span
      class="m-country-flag m--is-code-iso2-mz"
      height="35px"
      title="mz"
      width="60px"
    >
      {}
    </span>
     
    <span
      style="margin-top: 2px; font-size: 12px;"
    >
      
                mz
            
    </span>
  </div>
  <div
    style="display: inline-flex; flex-direction: column; align-items: center; margin: 0px 8px 12px 0px;"
  >
    <span
      class="m-country-flag m--is-code-iso2-mm"
      height="35px"
      title="mm"
      width="60px"
    >
      {}
    </span>
     
    <span
      style="margin-top: 2px; font-size: 12px;"
    >
      
                mm
            
    </span>
  </div>
  <div
    style="display: inline-flex; flex-direction: column; align-items: center; margin: 0px 8px 12px 0px;"
  >
    <span
      class="m-country-flag m--is-code-iso2-na"
      height="35px"
      title="na"
      width="60px"
    >
      {}
    </span>
     
    <span
      style="margin-top: 2px; font-size: 12px;"
    >
      
                na
            
    </span>
  </div>
  <div
    style="display: inline-flex; flex-direction: column; align-items: center; margin: 0px 8px 12px 0px;"
  >
    <span
      class="m-country-flag m--is-code-iso2-nr"
      height="35px"
      title="nr"
      width="60px"
    >
      {}
    </span>
     
    <span
      style="margin-top: 2px; font-size: 12px;"
    >
      
                nr
            
    </span>
  </div>
  <div
    style="display: inline-flex; flex-direction: column; align-items: center; margin: 0px 8px 12px 0px;"
  >
    <span
      class="m-country-flag m--is-code-iso2-np"
      height="35px"
      title="np"
      width="60px"
    >
      {}
    </span>
     
    <span
      style="margin-top: 2px; font-size: 12px;"
    >
      
                np
            
    </span>
  </div>
  <div
    style="display: inline-flex; flex-direction: column; align-items: center; margin: 0px 8px 12px 0px;"
  >
    <span
      class="m-country-flag m--is-code-iso2-nl"
      height="35px"
      title="nl"
      width="60px"
    >
      {}
    </span>
     
    <span
      style="margin-top: 2px; font-size: 12px;"
    >
      
                nl
            
    </span>
  </div>
  <div
    style="display: inline-flex; flex-direction: column; align-items: center; margin: 0px 8px 12px 0px;"
  >
    <span
      class="m-country-flag m--is-code-iso2-an"
      height="35px"
      title="an"
      width="60px"
    >
      {}
    </span>
     
    <span
      style="margin-top: 2px; font-size: 12px;"
    >
      
                an
            
    </span>
  </div>
  <div
    style="display: inline-flex; flex-direction: column; align-items: center; margin: 0px 8px 12px 0px;"
  >
    <span
      class="m-country-flag m--is-code-iso2-nc"
      height="35px"
      title="nc"
      width="60px"
    >
      {}
    </span>
     
    <span
      style="margin-top: 2px; font-size: 12px;"
    >
      
                nc
            
    </span>
  </div>
  <div
    style="display: inline-flex; flex-direction: column; align-items: center; margin: 0px 8px 12px 0px;"
  >
    <span
      class="m-country-flag m--is-code-iso2-nz"
      height="35px"
      title="nz"
      width="60px"
    >
      {}
    </span>
     
    <span
      style="margin-top: 2px; font-size: 12px;"
    >
      
                nz
            
    </span>
  </div>
  <div
    style="display: inline-flex; flex-direction: column; align-items: center; margin: 0px 8px 12px 0px;"
  >
    <span
      class="m-country-flag m--is-code-iso2-ni"
      height="35px"
      title="ni"
      width="60px"
    >
      {}
    </span>
     
    <span
      style="margin-top: 2px; font-size: 12px;"
    >
      
                ni
            
    </span>
  </div>
  <div
    style="display: inline-flex; flex-direction: column; align-items: center; margin: 0px 8px 12px 0px;"
  >
    <span
      class="m-country-flag m--is-code-iso2-ne"
      height="35px"
      title="ne"
      width="60px"
    >
      {}
    </span>
     
    <span
      style="margin-top: 2px; font-size: 12px;"
    >
      
                ne
            
    </span>
  </div>
  <div
    style="display: inline-flex; flex-direction: column; align-items: center; margin: 0px 8px 12px 0px;"
  >
    <span
      class="m-country-flag m--is-code-iso2-ng"
      height="35px"
      title="ng"
      width="60px"
    >
      {}
    </span>
     
    <span
      style="margin-top: 2px; font-size: 12px;"
    >
      
                ng
            
    </span>
  </div>
  <div
    style="display: inline-flex; flex-direction: column; align-items: center; margin: 0px 8px 12px 0px;"
  >
    <span
      class="m-country-flag m--is-code-iso2-nu"
      height="35px"
      title="nu"
      width="60px"
    >
      {}
    </span>
     
    <span
      style="margin-top: 2px; font-size: 12px;"
    >
      
                nu
            
    </span>
  </div>
  <div
    style="display: inline-flex; flex-direction: column; align-items: center; margin: 0px 8px 12px 0px;"
  >
    <span
      class="m-country-flag m--is-code-iso2-nf"
      height="35px"
      title="nf"
      width="60px"
    >
      {}
    </span>
     
    <span
      style="margin-top: 2px; font-size: 12px;"
    >
      
                nf
            
    </span>
  </div>
  <div
    style="display: inline-flex; flex-direction: column; align-items: center; margin: 0px 8px 12px 0px;"
  >
    <span
      class="m-country-flag m--is-code-iso2-mp"
      height="35px"
      title="mp"
      width="60px"
    >
      {}
    </span>
     
    <span
      style="margin-top: 2px; font-size: 12px;"
    >
      
                mp
            
    </span>
  </div>
  <div
    style="display: inline-flex; flex-direction: column; align-items: center; margin: 0px 8px 12px 0px;"
  >
    <span
      class="m-country-flag m--is-code-iso2-no"
      height="35px"
      title="no"
      width="60px"
    >
      {}
    </span>
     
    <span
      style="margin-top: 2px; font-size: 12px;"
    >
      
                no
            
    </span>
  </div>
  <div
    style="display: inline-flex; flex-direction: column; align-items: center; margin: 0px 8px 12px 0px;"
  >
    <span
      class="m-country-flag m--is-code-iso2-om"
      height="35px"
      title="om"
      width="60px"
    >
      {}
    </span>
     
    <span
      style="margin-top: 2px; font-size: 12px;"
    >
      
                om
            
    </span>
  </div>
  <div
    style="display: inline-flex; flex-direction: column; align-items: center; margin: 0px 8px 12px 0px;"
  >
    <span
      class="m-country-flag m--is-code-iso2-pk"
      height="35px"
      title="pk"
      width="60px"
    >
      {}
    </span>
     
    <span
      style="margin-top: 2px; font-size: 12px;"
    >
      
                pk
            
    </span>
  </div>
  <div
    style="display: inline-flex; flex-direction: column; align-items: center; margin: 0px 8px 12px 0px;"
  >
    <span
      class="m-country-flag m--is-code-iso2-pw"
      height="35px"
      title="pw"
      width="60px"
    >
      {}
    </span>
     
    <span
      style="margin-top: 2px; font-size: 12px;"
    >
      
                pw
            
    </span>
  </div>
  <div
    style="display: inline-flex; flex-direction: column; align-items: center; margin: 0px 8px 12px 0px;"
  >
    <span
      class="m-country-flag m--is-code-iso2-ps"
      height="35px"
      title="ps"
      width="60px"
    >
      {}
    </span>
     
    <span
      style="margin-top: 2px; font-size: 12px;"
    >
      
                ps
            
    </span>
  </div>
  <div
    style="display: inline-flex; flex-direction: column; align-items: center; margin: 0px 8px 12px 0px;"
  >
    <span
      class="m-country-flag m--is-code-iso2-pa"
      height="35px"
      title="pa"
      width="60px"
    >
      {}
    </span>
     
    <span
      style="margin-top: 2px; font-size: 12px;"
    >
      
                pa
            
    </span>
  </div>
  <div
    style="display: inline-flex; flex-direction: column; align-items: center; margin: 0px 8px 12px 0px;"
  >
    <span
      class="m-country-flag m--is-code-iso2-pg"
      height="35px"
      title="pg"
      width="60px"
    >
      {}
    </span>
     
    <span
      style="margin-top: 2px; font-size: 12px;"
    >
      
                pg
            
    </span>
  </div>
  <div
    style="display: inline-flex; flex-direction: column; align-items: center; margin: 0px 8px 12px 0px;"
  >
    <span
      class="m-country-flag m--is-code-iso2-py"
      height="35px"
      title="py"
      width="60px"
    >
      {}
    </span>
     
    <span
      style="margin-top: 2px; font-size: 12px;"
    >
      
                py
            
    </span>
  </div>
  <div
    style="display: inline-flex; flex-direction: column; align-items: center; margin: 0px 8px 12px 0px;"
  >
    <span
      class="m-country-flag m--is-code-iso2-pe"
      height="35px"
      title="pe"
      width="60px"
    >
      {}
    </span>
     
    <span
      style="margin-top: 2px; font-size: 12px;"
    >
      
                pe
            
    </span>
  </div>
  <div
    style="display: inline-flex; flex-direction: column; align-items: center; margin: 0px 8px 12px 0px;"
  >
    <span
      class="m-country-flag m--is-code-iso2-ph"
      height="35px"
      title="ph"
      width="60px"
    >
      {}
    </span>
     
    <span
      style="margin-top: 2px; font-size: 12px;"
    >
      
                ph
            
    </span>
  </div>
  <div
    style="display: inline-flex; flex-direction: column; align-items: center; margin: 0px 8px 12px 0px;"
  >
    <span
      class="m-country-flag m--is-code-iso2-pn"
      height="35px"
      title="pn"
      width="60px"
    >
      {}
    </span>
     
    <span
      style="margin-top: 2px; font-size: 12px;"
    >
      
                pn
            
    </span>
  </div>
  <div
    style="display: inline-flex; flex-direction: column; align-items: center; margin: 0px 8px 12px 0px;"
  >
    <span
      class="m-country-flag m--is-code-iso2-pl"
      height="35px"
      title="pl"
      width="60px"
    >
      {}
    </span>
     
    <span
      style="margin-top: 2px; font-size: 12px;"
    >
      
                pl
            
    </span>
  </div>
  <div
    style="display: inline-flex; flex-direction: column; align-items: center; margin: 0px 8px 12px 0px;"
  >
    <span
      class="m-country-flag m--is-code-iso2-pt"
      height="35px"
      title="pt"
      width="60px"
    >
      {}
    </span>
     
    <span
      style="margin-top: 2px; font-size: 12px;"
    >
      
                pt
            
    </span>
  </div>
  <div
    style="display: inline-flex; flex-direction: column; align-items: center; margin: 0px 8px 12px 0px;"
  >
    <span
      class="m-country-flag m--is-code-iso2-pr"
      height="35px"
      title="pr"
      width="60px"
    >
      {}
    </span>
     
    <span
      style="margin-top: 2px; font-size: 12px;"
    >
      
                pr
            
    </span>
  </div>
  <div
    style="display: inline-flex; flex-direction: column; align-items: center; margin: 0px 8px 12px 0px;"
  >
    <span
      class="m-country-flag m--is-code-iso2-qa"
      height="35px"
      title="qa"
      width="60px"
    >
      {}
    </span>
     
    <span
      style="margin-top: 2px; font-size: 12px;"
    >
      
                qa
            
    </span>
  </div>
  <div
    style="display: inline-flex; flex-direction: column; align-items: center; margin: 0px 8px 12px 0px;"
  >
    <span
      class="m-country-flag m--is-code-iso2-re"
      height="35px"
      title="re"
      width="60px"
    >
      {}
    </span>
     
    <span
      style="margin-top: 2px; font-size: 12px;"
    >
      
                re
            
    </span>
  </div>
  <div
    style="display: inline-flex; flex-direction: column; align-items: center; margin: 0px 8px 12px 0px;"
  >
    <span
      class="m-country-flag m--is-code-iso2-ro"
      height="35px"
      title="ro"
      width="60px"
    >
      {}
    </span>
     
    <span
      style="margin-top: 2px; font-size: 12px;"
    >
      
                ro
            
    </span>
  </div>
  <div
    style="display: inline-flex; flex-direction: column; align-items: center; margin: 0px 8px 12px 0px;"
  >
    <span
      class="m-country-flag m--is-code-iso2-ru"
      height="35px"
      title="ru"
      width="60px"
    >
      {}
    </span>
     
    <span
      style="margin-top: 2px; font-size: 12px;"
    >
      
                ru
            
    </span>
  </div>
  <div
    style="display: inline-flex; flex-direction: column; align-items: center; margin: 0px 8px 12px 0px;"
  >
    <span
      class="m-country-flag m--is-code-iso2-rw"
      height="35px"
      title="rw"
      width="60px"
    >
      {}
    </span>
     
    <span
      style="margin-top: 2px; font-size: 12px;"
    >
      
                rw
            
    </span>
  </div>
  <div
    style="display: inline-flex; flex-direction: column; align-items: center; margin: 0px 8px 12px 0px;"
  >
    <span
      class="m-country-flag m--is-code-iso2-bl"
      height="35px"
      title="bl"
      width="60px"
    >
      {}
    </span>
     
    <span
      style="margin-top: 2px; font-size: 12px;"
    >
      
                bl
            
    </span>
  </div>
  <div
    style="display: inline-flex; flex-direction: column; align-items: center; margin: 0px 8px 12px 0px;"
  >
    <span
      class="m-country-flag m--is-code-iso2-sh"
      height="35px"
      title="sh"
      width="60px"
    >
      {}
    </span>
     
    <span
      style="margin-top: 2px; font-size: 12px;"
    >
      
                sh
            
    </span>
  </div>
  <div
    style="display: inline-flex; flex-direction: column; align-items: center; margin: 0px 8px 12px 0px;"
  >
    <span
      class="m-country-flag m--is-code-iso2-kn"
      height="35px"
      title="kn"
      width="60px"
    >
      {}
    </span>
     
    <span
      style="margin-top: 2px; font-size: 12px;"
    >
      
                kn
            
    </span>
  </div>
  <div
    style="display: inline-flex; flex-direction: column; align-items: center; margin: 0px 8px 12px 0px;"
  >
    <span
      class="m-country-flag m--is-code-iso2-lc"
      height="35px"
      title="lc"
      width="60px"
    >
      {}
    </span>
     
    <span
      style="margin-top: 2px; font-size: 12px;"
    >
      
                lc
            
    </span>
  </div>
  <div
    style="display: inline-flex; flex-direction: column; align-items: center; margin: 0px 8px 12px 0px;"
  >
    <span
      class="m-country-flag m--is-code-iso2-mf"
      height="35px"
      title="mf"
      width="60px"
    >
      {}
    </span>
     
    <span
      style="margin-top: 2px; font-size: 12px;"
    >
      
                mf
            
    </span>
  </div>
  <div
    style="display: inline-flex; flex-direction: column; align-items: center; margin: 0px 8px 12px 0px;"
  >
    <span
      class="m-country-flag m--is-code-iso2-pm"
      height="35px"
      title="pm"
      width="60px"
    >
      {}
    </span>
     
    <span
      style="margin-top: 2px; font-size: 12px;"
    >
      
                pm
            
    </span>
  </div>
  <div
    style="display: inline-flex; flex-direction: column; align-items: center; margin: 0px 8px 12px 0px;"
  >
    <span
      class="m-country-flag m--is-code-iso2-vc"
      height="35px"
      title="vc"
      width="60px"
    >
      {}
    </span>
     
    <span
      style="margin-top: 2px; font-size: 12px;"
    >
      
                vc
            
    </span>
  </div>
  <div
    style="display: inline-flex; flex-direction: column; align-items: center; margin: 0px 8px 12px 0px;"
  >
    <span
      class="m-country-flag m--is-code-iso2-ws"
      height="35px"
      title="ws"
      width="60px"
    >
      {}
    </span>
     
    <span
      style="margin-top: 2px; font-size: 12px;"
    >
      
                ws
            
    </span>
  </div>
  <div
    style="display: inline-flex; flex-direction: column; align-items: center; margin: 0px 8px 12px 0px;"
  >
    <span
      class="m-country-flag m--is-code-iso2-sm"
      height="35px"
      title="sm"
      width="60px"
    >
      {}
    </span>
     
    <span
      style="margin-top: 2px; font-size: 12px;"
    >
      
                sm
            
    </span>
  </div>
  <div
    style="display: inline-flex; flex-direction: column; align-items: center; margin: 0px 8px 12px 0px;"
  >
    <span
      class="m-country-flag m--is-code-iso2-st"
      height="35px"
      title="st"
      width="60px"
    >
      {}
    </span>
     
    <span
      style="margin-top: 2px; font-size: 12px;"
    >
      
                st
            
    </span>
  </div>
  <div
    style="display: inline-flex; flex-direction: column; align-items: center; margin: 0px 8px 12px 0px;"
  >
    <span
      class="m-country-flag m--is-code-iso2-sa"
      height="35px"
      title="sa"
      width="60px"
    >
      {}
    </span>
     
    <span
      style="margin-top: 2px; font-size: 12px;"
    >
      
                sa
            
    </span>
  </div>
  <div
    style="display: inline-flex; flex-direction: column; align-items: center; margin: 0px 8px 12px 0px;"
  >
    <span
      class="m-country-flag m--is-code-iso2-sn"
      height="35px"
      title="sn"
      width="60px"
    >
      {}
    </span>
     
    <span
      style="margin-top: 2px; font-size: 12px;"
    >
      
                sn
            
    </span>
  </div>
  <div
    style="display: inline-flex; flex-direction: column; align-items: center; margin: 0px 8px 12px 0px;"
  >
    <span
      class="m-country-flag m--is-code-iso2-rs"
      height="35px"
      title="rs"
      width="60px"
    >
      {}
    </span>
     
    <span
      style="margin-top: 2px; font-size: 12px;"
    >
      
                rs
            
    </span>
  </div>
  <div
    style="display: inline-flex; flex-direction: column; align-items: center; margin: 0px 8px 12px 0px;"
  >
    <span
      class="m-country-flag m--is-code-iso2-sc"
      height="35px"
      title="sc"
      width="60px"
    >
      {}
    </span>
     
    <span
      style="margin-top: 2px; font-size: 12px;"
    >
      
                sc
            
    </span>
  </div>
  <div
    style="display: inline-flex; flex-direction: column; align-items: center; margin: 0px 8px 12px 0px;"
  >
    <span
      class="m-country-flag m--is-code-iso2-sl"
      height="35px"
      title="sl"
      width="60px"
    >
      {}
    </span>
     
    <span
      style="margin-top: 2px; font-size: 12px;"
    >
      
                sl
            
    </span>
  </div>
  <div
    style="display: inline-flex; flex-direction: column; align-items: center; margin: 0px 8px 12px 0px;"
  >
    <span
      class="m-country-flag m--is-code-iso2-sg"
      height="35px"
      title="sg"
      width="60px"
    >
      {}
    </span>
     
    <span
      style="margin-top: 2px; font-size: 12px;"
    >
      
                sg
            
    </span>
  </div>
  <div
    style="display: inline-flex; flex-direction: column; align-items: center; margin: 0px 8px 12px 0px;"
  >
    <span
      class="m-country-flag m--is-code-iso2-sk"
      height="35px"
      title="sk"
      width="60px"
    >
      {}
    </span>
     
    <span
      style="margin-top: 2px; font-size: 12px;"
    >
      
                sk
            
    </span>
  </div>
  <div
    style="display: inline-flex; flex-direction: column; align-items: center; margin: 0px 8px 12px 0px;"
  >
    <span
      class="m-country-flag m--is-code-iso2-si"
      height="35px"
      title="si"
      width="60px"
    >
      {}
    </span>
     
    <span
      style="margin-top: 2px; font-size: 12px;"
    >
      
                si
            
    </span>
  </div>
  <div
    style="display: inline-flex; flex-direction: column; align-items: center; margin: 0px 8px 12px 0px;"
  >
    <span
      class="m-country-flag m--is-code-iso2-sb"
      height="35px"
      title="sb"
      width="60px"
    >
      {}
    </span>
     
    <span
      style="margin-top: 2px; font-size: 12px;"
    >
      
                sb
            
    </span>
  </div>
  <div
    style="display: inline-flex; flex-direction: column; align-items: center; margin: 0px 8px 12px 0px;"
  >
    <span
      class="m-country-flag m--is-code-iso2-so"
      height="35px"
      title="so"
      width="60px"
    >
      {}
    </span>
     
    <span
      style="margin-top: 2px; font-size: 12px;"
    >
      
                so
            
    </span>
  </div>
  <div
    style="display: inline-flex; flex-direction: column; align-items: center; margin: 0px 8px 12px 0px;"
  >
    <span
      class="m-country-flag m--is-code-iso2-za"
      height="35px"
      title="za"
      width="60px"
    >
      {}
    </span>
     
    <span
      style="margin-top: 2px; font-size: 12px;"
    >
      
                za
            
    </span>
  </div>
  <div
    style="display: inline-flex; flex-direction: column; align-items: center; margin: 0px 8px 12px 0px;"
  >
    <span
      class="m-country-flag m--is-code-iso2-gs"
      height="35px"
      title="gs"
      width="60px"
    >
      {}
    </span>
     
    <span
      style="margin-top: 2px; font-size: 12px;"
    >
      
                gs
            
    </span>
  </div>
  <div
    style="display: inline-flex; flex-direction: column; align-items: center; margin: 0px 8px 12px 0px;"
  >
    <span
      class="m-country-flag m--is-code-iso2-es"
      height="35px"
      title="es"
      width="60px"
    >
      {}
    </span>
     
    <span
      style="margin-top: 2px; font-size: 12px;"
    >
      
                es
            
    </span>
  </div>
  <div
    style="display: inline-flex; flex-direction: column; align-items: center; margin: 0px 8px 12px 0px;"
  >
    <span
      class="m-country-flag m--is-code-iso2-lk"
      height="35px"
      title="lk"
      width="60px"
    >
      {}
    </span>
     
    <span
      style="margin-top: 2px; font-size: 12px;"
    >
      
                lk
            
    </span>
  </div>
  <div
    style="display: inline-flex; flex-direction: column; align-items: center; margin: 0px 8px 12px 0px;"
  >
    <span
      class="m-country-flag m--is-code-iso2-sd"
      height="35px"
      title="sd"
      width="60px"
    >
      {}
    </span>
     
    <span
      style="margin-top: 2px; font-size: 12px;"
    >
      
                sd
            
    </span>
  </div>
  <div
    style="display: inline-flex; flex-direction: column; align-items: center; margin: 0px 8px 12px 0px;"
  >
    <span
      class="m-country-flag m--is-code-iso2-sr"
      height="35px"
      title="sr"
      width="60px"
    >
      {}
    </span>
     
    <span
      style="margin-top: 2px; font-size: 12px;"
    >
      
                sr
            
    </span>
  </div>
  <div
    style="display: inline-flex; flex-direction: column; align-items: center; margin: 0px 8px 12px 0px;"
  >
    <span
      class="m-country-flag m--is-code-iso2-sj"
      height="35px"
      title="sj"
      width="60px"
    >
      {}
    </span>
     
    <span
      style="margin-top: 2px; font-size: 12px;"
    >
      
                sj
            
    </span>
  </div>
  <div
    style="display: inline-flex; flex-direction: column; align-items: center; margin: 0px 8px 12px 0px;"
  >
    <span
      class="m-country-flag m--is-code-iso2-sz"
      height="35px"
      title="sz"
      width="60px"
    >
      {}
    </span>
     
    <span
      style="margin-top: 2px; font-size: 12px;"
    >
      
                sz
            
    </span>
  </div>
  <div
    style="display: inline-flex; flex-direction: column; align-items: center; margin: 0px 8px 12px 0px;"
  >
    <span
      class="m-country-flag m--is-code-iso2-se"
      height="35px"
      title="se"
      width="60px"
    >
      {}
    </span>
     
    <span
      style="margin-top: 2px; font-size: 12px;"
    >
      
                se
            
    </span>
  </div>
  <div
    style="display: inline-flex; flex-direction: column; align-items: center; margin: 0px 8px 12px 0px;"
  >
    <span
      class="m-country-flag m--is-code-iso2-ch"
      height="35px"
      title="ch"
      width="60px"
    >
      {}
    </span>
     
    <span
      style="margin-top: 2px; font-size: 12px;"
    >
      
                ch
            
    </span>
  </div>
  <div
    style="display: inline-flex; flex-direction: column; align-items: center; margin: 0px 8px 12px 0px;"
  >
    <span
      class="m-country-flag m--is-code-iso2-sy"
      height="35px"
      title="sy"
      width="60px"
    >
      {}
    </span>
     
    <span
      style="margin-top: 2px; font-size: 12px;"
    >
      
                sy
            
    </span>
  </div>
  <div
    style="display: inline-flex; flex-direction: column; align-items: center; margin: 0px 8px 12px 0px;"
  >
    <span
      class="m-country-flag m--is-code-iso2-tw"
      height="35px"
      title="tw"
      width="60px"
    >
      {}
    </span>
     
    <span
      style="margin-top: 2px; font-size: 12px;"
    >
      
                tw
            
    </span>
  </div>
  <div
    style="display: inline-flex; flex-direction: column; align-items: center; margin: 0px 8px 12px 0px;"
  >
    <span
      class="m-country-flag m--is-code-iso2-tj"
      height="35px"
      title="tj"
      width="60px"
    >
      {}
    </span>
     
    <span
      style="margin-top: 2px; font-size: 12px;"
    >
      
                tj
            
    </span>
  </div>
  <div
    style="display: inline-flex; flex-direction: column; align-items: center; margin: 0px 8px 12px 0px;"
  >
    <span
      class="m-country-flag m--is-code-iso2-tz"
      height="35px"
      title="tz"
      width="60px"
    >
      {}
    </span>
     
    <span
      style="margin-top: 2px; font-size: 12px;"
    >
      
                tz
            
    </span>
  </div>
  <div
    style="display: inline-flex; flex-direction: column; align-items: center; margin: 0px 8px 12px 0px;"
  >
    <span
      class="m-country-flag m--is-code-iso2-th"
      height="35px"
      title="th"
      width="60px"
    >
      {}
    </span>
     
    <span
      style="margin-top: 2px; font-size: 12px;"
    >
      
                th
            
    </span>
  </div>
  <div
    style="display: inline-flex; flex-direction: column; align-items: center; margin: 0px 8px 12px 0px;"
  >
    <span
      class="m-country-flag m--is-code-iso2-tl"
      height="35px"
      title="tl"
      width="60px"
    >
      {}
    </span>
     
    <span
      style="margin-top: 2px; font-size: 12px;"
    >
      
                tl
            
    </span>
  </div>
  <div
    style="display: inline-flex; flex-direction: column; align-items: center; margin: 0px 8px 12px 0px;"
  >
    <span
      class="m-country-flag m--is-code-iso2-tg"
      height="35px"
      title="tg"
      width="60px"
    >
      {}
    </span>
     
    <span
      style="margin-top: 2px; font-size: 12px;"
    >
      
                tg
            
    </span>
  </div>
  <div
    style="display: inline-flex; flex-direction: column; align-items: center; margin: 0px 8px 12px 0px;"
  >
    <span
      class="m-country-flag m--is-code-iso2-tk"
      height="35px"
      title="tk"
      width="60px"
    >
      {}
    </span>
     
    <span
      style="margin-top: 2px; font-size: 12px;"
    >
      
                tk
            
    </span>
  </div>
  <div
    style="display: inline-flex; flex-direction: column; align-items: center; margin: 0px 8px 12px 0px;"
  >
    <span
      class="m-country-flag m--is-code-iso2-to"
      height="35px"
      title="to"
      width="60px"
    >
      {}
    </span>
     
    <span
      style="margin-top: 2px; font-size: 12px;"
    >
      
                to
            
    </span>
  </div>
  <div
    style="display: inline-flex; flex-direction: column; align-items: center; margin: 0px 8px 12px 0px;"
  >
    <span
      class="m-country-flag m--is-code-iso2-tt"
      height="35px"
      title="tt"
      width="60px"
    >
      {}
    </span>
     
    <span
      style="margin-top: 2px; font-size: 12px;"
    >
      
                tt
            
    </span>
  </div>
  <div
    style="display: inline-flex; flex-direction: column; align-items: center; margin: 0px 8px 12px 0px;"
  >
    <span
      class="m-country-flag m--is-code-iso2-tn"
      height="35px"
      title="tn"
      width="60px"
    >
      {}
    </span>
     
    <span
      style="margin-top: 2px; font-size: 12px;"
    >
      
                tn
            
    </span>
  </div>
  <div
    style="display: inline-flex; flex-direction: column; align-items: center; margin: 0px 8px 12px 0px;"
  >
    <span
      class="m-country-flag m--is-code-iso2-tr"
      height="35px"
      title="tr"
      width="60px"
    >
      {}
    </span>
     
    <span
      style="margin-top: 2px; font-size: 12px;"
    >
      
                tr
            
    </span>
  </div>
  <div
    style="display: inline-flex; flex-direction: column; align-items: center; margin: 0px 8px 12px 0px;"
  >
    <span
      class="m-country-flag m--is-code-iso2-tm"
      height="35px"
      title="tm"
      width="60px"
    >
      {}
    </span>
     
    <span
      style="margin-top: 2px; font-size: 12px;"
    >
      
                tm
            
    </span>
  </div>
  <div
    style="display: inline-flex; flex-direction: column; align-items: center; margin: 0px 8px 12px 0px;"
  >
    <span
      class="m-country-flag m--is-code-iso2-tc"
      height="35px"
      title="tc"
      width="60px"
    >
      {}
    </span>
     
    <span
      style="margin-top: 2px; font-size: 12px;"
    >
      
                tc
            
    </span>
  </div>
  <div
    style="display: inline-flex; flex-direction: column; align-items: center; margin: 0px 8px 12px 0px;"
  >
    <span
      class="m-country-flag m--is-code-iso2-tv"
      height="35px"
      title="tv"
      width="60px"
    >
      {}
    </span>
     
    <span
      style="margin-top: 2px; font-size: 12px;"
    >
      
                tv
            
    </span>
  </div>
  <div
    style="display: inline-flex; flex-direction: column; align-items: center; margin: 0px 8px 12px 0px;"
  >
    <span
      class="m-country-flag m--is-code-iso2-ug"
      height="35px"
      title="ug"
      width="60px"
    >
      {}
    </span>
     
    <span
      style="margin-top: 2px; font-size: 12px;"
    >
      
                ug
            
    </span>
  </div>
  <div
    style="display: inline-flex; flex-direction: column; align-items: center; margin: 0px 8px 12px 0px;"
  >
    <span
      class="m-country-flag m--is-code-iso2-ua"
      height="35px"
      title="ua"
      width="60px"
    >
      {}
    </span>
     
    <span
      style="margin-top: 2px; font-size: 12px;"
    >
      
                ua
            
    </span>
  </div>
  <div
    style="display: inline-flex; flex-direction: column; align-items: center; margin: 0px 8px 12px 0px;"
  >
    <span
      class="m-country-flag m--is-code-iso2-ae"
      height="35px"
      title="ae"
      width="60px"
    >
      {}
    </span>
     
    <span
      style="margin-top: 2px; font-size: 12px;"
    >
      
                ae
            
    </span>
  </div>
  <div
    style="display: inline-flex; flex-direction: column; align-items: center; margin: 0px 8px 12px 0px;"
  >
    <span
      class="m-country-flag m--is-code-iso2-gb"
      height="35px"
      title="gb"
      width="60px"
    >
      {}
    </span>
     
    <span
      style="margin-top: 2px; font-size: 12px;"
    >
      
                gb
            
    </span>
  </div>
  <div
    style="display: inline-flex; flex-direction: column; align-items: center; margin: 0px 8px 12px 0px;"
  >
    <span
      class="m-country-flag m--is-code-iso2-us"
      height="35px"
      title="us"
      width="60px"
    >
      {}
    </span>
     
    <span
      style="margin-top: 2px; font-size: 12px;"
    >
      
                us
            
    </span>
  </div>
  <div
    style="display: inline-flex; flex-direction: column; align-items: center; margin: 0px 8px 12px 0px;"
  >
    <span
      class="m-country-flag m--is-code-iso2-um"
      height="35px"
      title="um"
      width="60px"
    >
      {}
    </span>
     
    <span
      style="margin-top: 2px; font-size: 12px;"
    >
      
                um
            
    </span>
  </div>
  <div
    style="display: inline-flex; flex-direction: column; align-items: center; margin: 0px 8px 12px 0px;"
  >
    <span
      class="m-country-flag m--is-code-iso2-uy"
      height="35px"
      title="uy"
      width="60px"
    >
      {}
    </span>
     
    <span
      style="margin-top: 2px; font-size: 12px;"
    >
      
                uy
            
    </span>
  </div>
  <div
    style="display: inline-flex; flex-direction: column; align-items: center; margin: 0px 8px 12px 0px;"
  >
    <span
      class="m-country-flag m--is-code-iso2-uz"
      height="35px"
      title="uz"
      width="60px"
    >
      {}
    </span>
     
    <span
      style="margin-top: 2px; font-size: 12px;"
    >
      
                uz
            
    </span>
  </div>
  <div
    style="display: inline-flex; flex-direction: column; align-items: center; margin: 0px 8px 12px 0px;"
  >
    <span
      class="m-country-flag m--is-code-iso2-vu"
      height="35px"
      title="vu"
      width="60px"
    >
      {}
    </span>
     
    <span
      style="margin-top: 2px; font-size: 12px;"
    >
      
                vu
            
    </span>
  </div>
  <div
    style="display: inline-flex; flex-direction: column; align-items: center; margin: 0px 8px 12px 0px;"
  >
    <span
      class="m-country-flag m--is-code-iso2-ve"
      height="35px"
      title="ve"
      width="60px"
    >
      {}
    </span>
     
    <span
      style="margin-top: 2px; font-size: 12px;"
    >
      
                ve
            
    </span>
  </div>
  <div
    style="display: inline-flex; flex-direction: column; align-items: center; margin: 0px 8px 12px 0px;"
  >
    <span
      class="m-country-flag m--is-code-iso2-vn"
      height="35px"
      title="vn"
      width="60px"
    >
      {}
    </span>
     
    <span
      style="margin-top: 2px; font-size: 12px;"
    >
      
                vn
            
    </span>
  </div>
  <div
    style="display: inline-flex; flex-direction: column; align-items: center; margin: 0px 8px 12px 0px;"
  >
    <span
      class="m-country-flag m--is-code-iso2-vg"
      height="35px"
      title="vg"
      width="60px"
    >
      {}
    </span>
     
    <span
      style="margin-top: 2px; font-size: 12px;"
    >
      
                vg
            
    </span>
  </div>
  <div
    style="display: inline-flex; flex-direction: column; align-items: center; margin: 0px 8px 12px 0px;"
  >
    <span
      class="m-country-flag m--is-code-iso2-vi"
      height="35px"
      title="vi"
      width="60px"
    >
      {}
    </span>
     
    <span
      style="margin-top: 2px; font-size: 12px;"
    >
      
                vi
            
    </span>
  </div>
  <div
    style="display: inline-flex; flex-direction: column; align-items: center; margin: 0px 8px 12px 0px;"
  >
    <span
      class="m-country-flag m--is-code-iso2-wf"
      height="35px"
      title="wf"
      width="60px"
    >
      {}
    </span>
     
    <span
      style="margin-top: 2px; font-size: 12px;"
    >
      
                wf
            
    </span>
  </div>
  <div
    style="display: inline-flex; flex-direction: column; align-items: center; margin: 0px 8px 12px 0px;"
  >
    <span
      class="m-country-flag m--is-code-iso2-eh"
      height="35px"
      title="eh"
      width="60px"
    >
      {}
    </span>
     
    <span
      style="margin-top: 2px; font-size: 12px;"
    >
      
                eh
            
    </span>
  </div>
  <div
    style="display: inline-flex; flex-direction: column; align-items: center; margin: 0px 8px 12px 0px;"
  >
    <span
      class="m-country-flag m--is-code-iso2-ye"
      height="35px"
      title="ye"
      width="60px"
    >
      {}
    </span>
     
    <span
      style="margin-top: 2px; font-size: 12px;"
    >
      
                ye
            
    </span>
  </div>
  <div
    style="display: inline-flex; flex-direction: column; align-items: center; margin: 0px 8px 12px 0px;"
  >
    <span
      class="m-country-flag m--is-code-iso2-zm"
      height="35px"
      title="zm"
      width="60px"
    >
      {}
    </span>
     
    <span
      style="margin-top: 2px; font-size: 12px;"
    >
      
                zm
            
    </span>
  </div>
  <div
    style="display: inline-flex; flex-direction: column; align-items: center; margin: 0px 8px 12px 0px;"
  >
    <span
      class="m-country-flag m--is-code-iso2-zw"
      height="35px"
      title="zw"
      width="60px"
    >
      {}
    </span>
     
    <span
      style="margin-top: 2px; font-size: 12px;"
    >
      
                zw
            
    </span>
  </div>
</div>
`;

exports[`Storyshots modul-components|m-country-flag default 1`] = `<!---->`;
