// Jest Snapshot v1, https://goo.gl/fbAQLP

exports[`Storyshots modul-components|m-phonefield Detect Country 1`] = `
<div>
  <div>
    <p>
      Select a phone number
    </p>
     
    <div
      class="m-base-select"
    >
      <div
        class="m-base-select__popup"
        style="width: 288px;"
      >
        <div
          class="m-select"
          style="width: 100%; max-width: 288px;"
          tabindex="0"
        >
          <div
            class="m-input-style m--has-cursor-pointer m--has-value m--is-tag-default"
            style="margin-top: 10px;"
          >
            <div
              class="m-input-style__main"
            >
              <div
                class="m-input-style__body"
              >
                <span
                  class="m-input-style__label"
                  style="z-index: -1;"
                >
                  <span
                    class="m-input-style__text"
                  />
                </span>
                 
                <div
                  class="m-input-style__input"
                >
                  <div
                    class="m-input-style__prefix"
                  />
                   
                  <div
                    class="m-input-style__content"
                  >
                    <div>
                      <input
                        readonly="readonly"
                      />
                    </div>
                     
                    <!---->
                     
                    <!---->
                  </div>
                   
                  <div
                    class="m-input-style__suffix"
                  >
                     
                    <!---->
                  </div>
                </div>
              </div>
               
              <div
                class="m-input-style__append"
              >
                <!---->
                 
                <div
                  class="m-select__arrow"
                >
                  <svg
                    aria-hidden="true"
                    class="m-icon m-select__arrow__icon"
                    height="12px"
                    width="12px"
                  >
                    <!---->
                     
                    <use
                      aria-hidden="true"
                      class=""
                    />
                  </svg>
                </div>
              </div>
            </div>
          </div>
           
          <div
            class="m-validation-message m-select__validation-message"
          >
            <!---->
             
            <!---->
          </div>
        </div>
      </div>
       
      <div
        class="m-popup"
      >
        <div
          class="m-popper"
        >
           
          <!---->
        </div>
         
        <!---->
      </div>
    </div>
  </div>
   
  <div>
    <!---->
     
    <p>
      v-model = +14188753893
    </p>
     
    <p>
      country selected = {}
    </p>
  </div>
</div>
`;

exports[`Storyshots modul-components|m-phonefield Disabled 1`] = `<!---->`;

exports[`Storyshots modul-components|m-phonefield Error 1`] = `<!---->`;

exports[`Storyshots modul-components|m-phonefield Error Message 1`] = `<!---->`;

exports[`Storyshots modul-components|m-phonefield Waiting 1`] = `<!---->`;

exports[`Storyshots modul-components|m-phonefield default 1`] = `
<div>
  <!---->
  <p>
    v-model = 
  </p>
  <p>
    country selected = {"iso":"ca","prefix":"1"}
  </p>
</div>
`;

exports[`Storyshots modul-components|m-phonefield default 1`] = `
<div>
  <!---->
  <p>
    v-model = 
  </p>
  <p>
    country selected = {"iso":"ca","prefix":"1"}
  </p>
</div>
`;
