// Jest Snapshot v1, https://goo.gl/fbAQLP

exports[`Storyshots modul-components|m-sortable (drag & drop) default 1`] = `
<div
  class="m-sandboxes"
>
  <m-sortable-sandbox />
</div>
`;

exports[`Storyshots modul-components|m-sortable (drag & drop) default 1`] = `
<div
  class="m-sandboxes"
>
  <m-sortable-sandbox />
</div>
`;
