// Jest Snapshot v1, https://goo.gl/fbAQLP

exports[`Storyshots modul-components|m-form/validation-type At Exit 1`] = `
<form
  class="m-form m-u--margin-top"
  novalidate="novalidate"
>
  <!---->
   
  <!---->
   
  <p>
    edition context: none
  </p>
   
  <div
    class="m-input-style m-textfield m--is-tag-default m--is-type-text"
    style="width: 100%; max-width: 288px;"
  >
    <div
      class="m-input-style__main"
      style="margin-top: 10px;"
    >
      <div
        class="m-input-style__body"
      >
        <span
          class="m-input-style__label"
          style="z-index: -1;"
        >
          <span
            class="m-input-style__text"
          />
        </span>
         
        <div
          class="m-input-style__input"
        >
          <div
            class="m-input-style__prefix"
          />
           
          <div
            class="m-input-style__content"
          >
            <input
              aria-describedby="fakeId"
              class="m-textfield__input"
              id="mTextfield-fakeId"
              maxlength="Infinity"
              type="text"
            />
               
            <!---->
              
            <!---->
             
            <!---->
          </div>
           
          <div
            class="m-input-style__suffix"
          >
            <!---->
              
            <!---->
          </div>
        </div>
      </div>
       
      <!---->
    </div>
      
    <div
      class="m-input-style__validation"
    >
      <div
        class="m-textfield__validation"
        id="fakeId"
      >
        <div
          class="m-validation-message m-textfield__validation-message"
        >
          <!---->
           
          <!---->
        </div>
         
        <!---->
      </div>
    </div>
  </div>
   
  <p
    class="m-u--margin-bottom--l"
  >
    <button
      class="m-button m--is-skin-primary"
      type="submit"
    >
      <!---->
       
      <!---->
       
      <span
        class="m-button__text"
      >
        Submit 
        <!---->
      </span>
       
      <!---->
       
      <!---->
    </button>
     
    <button
      class="m-button m--is-skin-secondary"
      type="reset"
    >
      <!---->
       
      <!---->
       
      <span
        class="m-button__text"
      >
        Reset 
        <!---->
      </span>
       
      <!---->
       
      <!---->
    </button>
  </p>
</form>
`;

exports[`Storyshots modul-components|m-form/validation-type Correction 1`] = `
<form
  class="m-form m-u--margin-top"
  novalidate="novalidate"
>
  <!---->
   
  <!---->
   
  <p>
    edition context: none
  </p>
   
  <div
    class="m-input-style m-textfield m--is-tag-default m--is-type-text"
    style="width: 100%; max-width: 288px;"
  >
    <div
      class="m-input-style__main"
      style="margin-top: 10px;"
    >
      <div
        class="m-input-style__body"
      >
        <span
          class="m-input-style__label"
          style="z-index: -1;"
        >
          <span
            class="m-input-style__text"
          />
        </span>
         
        <div
          class="m-input-style__input"
        >
          <div
            class="m-input-style__prefix"
          />
           
          <div
            class="m-input-style__content"
          >
            <input
              aria-describedby="fakeId"
              class="m-textfield__input"
              id="mTextfield-fakeId"
              maxlength="Infinity"
              type="text"
            />
               
            <!---->
              
            <!---->
             
            <!---->
          </div>
           
          <div
            class="m-input-style__suffix"
          >
            <!---->
              
            <!---->
          </div>
        </div>
      </div>
       
      <!---->
    </div>
      
    <div
      class="m-input-style__validation"
    >
      <div
        class="m-textfield__validation"
        id="fakeId"
      >
        <div
          class="m-validation-message m-textfield__validation-message"
        >
          <!---->
           
          <!---->
        </div>
         
        <!---->
      </div>
    </div>
  </div>
   
  <p
    class="m-u--margin-bottom--l"
  >
    <button
      class="m-button m--is-skin-primary"
      type="submit"
    >
      <!---->
       
      <!---->
       
      <span
        class="m-button__text"
      >
        Submit 
        <!---->
      </span>
       
      <!---->
       
      <!---->
    </button>
     
    <button
      class="m-button m--is-skin-secondary"
      type="reset"
    >
      <!---->
       
      <!---->
       
      <span
        class="m-button__text"
      >
        Reset 
        <!---->
      </span>
       
      <!---->
       
      <!---->
    </button>
  </p>
</form>
`;

exports[`Storyshots modul-components|m-form/validation-type Modification 1`] = `
<form
  class="m-form m-u--margin-top"
  novalidate="novalidate"
>
  <!---->
   
  <!---->
   
  <p>
    edition context: none
  </p>
   
  <div
    class="m-input-style m-textfield m--is-tag-default m--is-type-text"
    style="width: 100%; max-width: 288px;"
  >
    <div
      class="m-input-style__main"
      style="margin-top: 10px;"
    >
      <div
        class="m-input-style__body"
      >
        <span
          class="m-input-style__label"
          style="z-index: -1;"
        >
          <span
            class="m-input-style__text"
          />
        </span>
         
        <div
          class="m-input-style__input"
        >
          <div
            class="m-input-style__prefix"
          />
           
          <div
            class="m-input-style__content"
          >
            <input
              aria-describedby="fakeId"
              class="m-textfield__input"
              id="mTextfield-fakeId"
              maxlength="Infinity"
              type="text"
            />
               
            <!---->
              
            <!---->
             
            <!---->
          </div>
           
          <div
            class="m-input-style__suffix"
          >
            <!---->
              
            <!---->
          </div>
        </div>
      </div>
       
      <!---->
    </div>
      
    <div
      class="m-input-style__validation"
    >
      <div
        class="m-textfield__validation"
        id="fakeId"
      >
        <div
          class="m-validation-message m-textfield__validation-message"
        >
          <!---->
           
          <!---->
        </div>
         
        <!---->
      </div>
    </div>
  </div>
   
  <p
    class="m-u--margin-bottom--l"
  >
    <button
      class="m-button m--is-skin-primary"
      type="submit"
    >
      <!---->
       
      <!---->
       
      <span
        class="m-button__text"
      >
        Submit 
        <!---->
      </span>
       
      <!---->
       
      <!---->
    </button>
     
    <button
      class="m-button m--is-skin-secondary"
      type="reset"
    >
      <!---->
       
      <!---->
       
      <span
        class="m-button__text"
      >
        Reset 
        <!---->
      </span>
       
      <!---->
       
      <!---->
    </button>
  </p>
</form>
`;

exports[`Storyshots modul-components|m-form/validation-type On Going 1`] = `
<form
  class="m-form m-u--margin-top"
  novalidate="novalidate"
>
  <!---->
   
  <!---->
   
  <p>
    edition context: none
  </p>
   
  <div
    class="m-input-style m-textfield m--is-tag-default m--is-type-text"
    style="width: 100%; max-width: 288px;"
  >
    <div
      class="m-input-style__main"
      style="margin-top: 10px;"
    >
      <div
        class="m-input-style__body"
      >
        <span
          class="m-input-style__label"
          style="z-index: -1;"
        >
          <span
            class="m-input-style__text"
          />
        </span>
         
        <div
          class="m-input-style__input"
        >
          <div
            class="m-input-style__prefix"
          />
           
          <div
            class="m-input-style__content"
          >
            <input
              aria-describedby="fakeId"
              class="m-textfield__input"
              id="mTextfield-fakeId"
              maxlength="Infinity"
              type="text"
            />
               
            <!---->
              
            <!---->
             
            <!---->
          </div>
           
          <div
            class="m-input-style__suffix"
          >
            <!---->
              
            <!---->
          </div>
        </div>
      </div>
       
      <!---->
    </div>
      
    <div
      class="m-input-style__validation"
    >
      <div
        class="m-textfield__validation"
        id="fakeId"
      >
        <div
          class="m-validation-message m-textfield__validation-message"
        >
          <!---->
           
          <!---->
        </div>
         
        <!---->
      </div>
    </div>
  </div>
   
  <p
    class="m-u--margin-bottom--l"
  >
    <button
      class="m-button m--is-skin-primary"
      type="submit"
    >
      <!---->
       
      <!---->
       
      <span
        class="m-button__text"
      >
        Submit 
        <!---->
      </span>
       
      <!---->
       
      <!---->
    </button>
     
    <button
      class="m-button m--is-skin-secondary"
      type="reset"
    >
      <!---->
       
      <!---->
       
      <span
        class="m-button__text"
      >
        Reset 
        <!---->
      </span>
       
      <!---->
       
      <!---->
    </button>
  </p>
</form>
`;
