// Jest Snapshot v1, https://goo.gl/fbAQLP

exports[`Storyshots modul-components|m-svg/category All icons 1`] = `
<div>
  <!---->
  <!---->
  <!---->
  <!---->
  <!---->
  <!---->
  <!---->
  <!---->
  <!---->
  <!---->
  <!---->
  <!---->
  <!---->
  <!---->
  <!---->
  <!---->
  <!---->
  <!---->
  <!---->
  <!---->
  <!---->
  <!---->
  <!---->
  <!---->
  <!---->
  <!---->
  <!---->
  <!---->
  <!---->
  <!---->
  <!---->
  <!---->
  <!---->
  <!---->
  <!---->
  <!---->
  <!---->
  <!---->
  <!---->
  <!---->
  <!---->
  <!---->
  <!---->
  <!---->
  <!---->
  <!---->
  <!---->
  <!---->
  <!---->
  <!---->
  <!---->
  <!---->
  <!---->
  <!---->
  <!---->
  <!---->
  <!---->
  <!---->
  <!---->
  <!---->
  <!---->
  <!---->
  <!---->
  <!---->
  <!---->
  <!---->
  <!---->
  <!---->
  <!---->
  <!---->
  <!---->
  <!---->
  <!---->
  <!---->
  <!---->
  <!---->
  <!---->
  <!---->
  <!---->
  <!---->
  <!---->
  <!---->
  <!---->
  <!---->
  <!---->
  <!---->
  <!---->
  <!---->
  <!---->
  <!---->
  <!---->
  <!---->
  <!---->
  <!---->
  <!---->
  <!---->
  <!---->
  <!---->
  <!---->
  <!---->
  <!---->
  <!---->
  <!---->
  <!---->
  <!---->
  <!---->
  <!---->
  <!---->
  <!---->
  <!---->
  <!---->
  <!---->
  <!---->
  <!---->
  <!---->
  <!---->
</div>
`;

exports[`Storyshots modul-components|m-svg/category Arrow 1`] = `
<div>
  <!---->
  <!---->
  <!---->
  <!---->
  <!---->
  <!---->
  <!---->
  <!---->
  <!---->
  <!---->
  <!---->
  <!---->
  <!---->
  <!---->
  <!---->
  <!---->
  <!---->
  <!---->
  <!---->
  <!---->
  <!---->
  <!---->
</div>
`;

exports[`Storyshots modul-components|m-svg/category Audio 1`] = `
<div>
  <!---->
  <!---->
  <!---->
  <!---->
  <!---->
  <!---->
  <!---->
  <!---->
  <!---->
  <!---->
  <!---->
  <!---->
  <!---->
</div>
`;

exports[`Storyshots modul-components|m-svg/category Control 1`] = `
<div>
  <!---->
  <!---->
  <!---->
  <!---->
  <!---->
  <!---->
  <!---->
  <!---->
  <!---->
  <!---->
  <!---->
  <!---->
  <!---->
  <!---->
  <!---->
  <!---->
  <!---->
  <!---->
  <!---->
  <!---->
  <!---->
  <!---->
  <!---->
  <!---->
  <!---->
  <!---->
  <!---->
  <!---->
  <!---->
  <!---->
  <!---->
  <!---->
  <!---->
  <!---->
  <!---->
  <!---->
  <!---->
  <!---->
  <!---->
  <!---->
  <!---->
  <!---->
  <!---->
  <!---->
  <!---->
  <!---->
  <!---->
</div>
`;

exports[`Storyshots modul-components|m-svg/category Document 1`] = `
<div>
  <!---->
  <!---->
  <!---->
  <!---->
  <!---->
  <!---->
  <!---->
  <!---->
  <!---->
  <!---->
  <!---->
  <!---->
  <!---->
  <!---->
  <!---->
  <!---->
  <!---->
  <!---->
  <!---->
  <!---->
  <!---->
  <!---->
  <!---->
  <!---->
  <!---->
  <!---->
  <!---->
</div>
`;

exports[`Storyshots modul-components|m-svg/category File 1`] = `
<div>
  <!---->
  <!---->
  <!---->
  <!---->
  <!---->
  <!---->
  <!---->
  <!---->
  <!---->
  <!---->
  <!---->
  <!---->
  <!---->
  <!---->
  <!---->
  <!---->
  <!---->
  <!---->
  <!---->
  <!---->
  <!---->
  <!---->
  <!---->
  <!---->
  <!---->
  <!---->
</div>
`;

exports[`Storyshots modul-components|m-svg/category Form 1`] = `
<div>
  <!---->
  <!---->
  <!---->
  <!---->
  <!---->
  <!---->
  <!---->
  <!---->
  <!---->
</div>
`;

exports[`Storyshots modul-components|m-svg/category Image 1`] = `
<div>
  <!---->
  <!---->
  <!---->
  <!---->
  <!---->
  <!---->
  <!---->
  <!---->
  <!---->
  <!---->
  <!---->
  <!---->
</div>
`;

exports[`Storyshots modul-components|m-svg/category State 1`] = `
<div>
  <!---->
  <!---->
  <!---->
  <!---->
  <!---->
  <!---->
  <!---->
  <!---->
  <!---->
  <!---->
  <!---->
  <!---->
  <!---->
</div>
`;

exports[`Storyshots modul-components|m-svg/category Video 1`] = `
<div>
  <!---->
  <!---->
  <!---->
  <!---->
  <!---->
  <!---->
  <!---->
  <!---->
  <!---->
  <!---->
  <!---->
</div>
`;
