// Jest Snapshot v1, https://goo.gl/fbAQLP

exports[`Storyshots modul-components|/m-error-pages/m-error-session-expired default 1`] = `
<div
  style="border: 1px solid black; padding: 10px; width: 600px;"
>
  <div>
    <div
      class="m-message m--is-state-information m--is-skin-default"
    >
      <div
        class="m-message__wrap"
      >
        <div
          class="m-message__icon"
        >
          <svg
            aria-hidden="true"
            class="m-icon"
            height="1em"
            width="1em"
          >
            <!---->
             
            <use
              aria-hidden="true"
            />
          </svg>
        </div>
         
        <div
          class="m-message__body"
        >
          <!---->
           
          <div
            class="m-message__text"
          >
            <span
              class="m-i18n"
            >
              Votre session de travail est expirée.
            </span>
          </div>
        </div>
         
        <!---->
      </div>
    </div>
     
    <p>
      <span
        class="m-i18n"
      >
        En raison d'une trop grande période d'inactivité ou parce que vous vous êtes déconnecté d’un système partenaire, votre session de travail a été interrompue.
      </span>
    </p>
     
    <p>
      <span
        class="m-i18n"
      >
        Vous devrez peut-être vous connecter de nouveau.
      </span>
    </p>
     
    <a
      class="m-link m--has-content"
      href="/"
      tabindex="0"
    >
      <!---->
       
      <span
        class="m-link__text"
      >
        
        Retour au portail
    
      </span>
       
      <!---->
    </a>
  </div>
</div>
`;
